=== EIPS FB-INFO + DUMP MATRIX START Tue Sep 22 15:48:33 UTC 2026 ===
--- eips strings (usage block) ---
usage:
to print strings: eips [row] [col] [-h] string
		 -h for highlighted text
to show image: eips -g|-b image_path [-w waveform -f -x xpos -y ypos -v]
		 -g for png, -b for bitmap
		 -w waveform can be gc16, gl16, reagl, reagld, gck16, glkw16 or du, default is gc16,
		 -f for full update, default is partial update
		 -x -y in units of pixels
		 -v for inverted picture
		 -k filename, save workingbuffer to file
to paint a retangle on screen: eips -d l=a,w=b,h=c [-x xx -y yy -w wf]
		 a is gray level in hex, b is width, c is height, with optional xx yy location, waveform mode
to clear display: eips -c 
to paint checker: eips -q 
to paint grayscale: eips -l 
to paint pattern: eips -p 
to paint barcode: eips -r barcode
to overlay a grid: eips -a 5 (grid size)
to print fb info: eips -i
to flash display with current fb content: eips -s w=758,h=1024 -f
--- fb0 geometry ---
/sys/class/graphics/fb0/virtual_size: 1088,6144
/sys/class/graphics/fb0/bits_per_pixel: 8
/sys/class/graphics/fb0/name: mxc_epdc_fb
/sys/class/graphics/fb0/mode: 
0 mxc_epdc_fb
crw-rw----    1 root     video      29,   0 Sep 22 15:47 /dev/fb0
--- SEQUENCE: each state stays visible ~18s ---
--- eips -i framebuffer info ---
rc=0

Fixed framebuffer info
    id:              mxc_epdc_fb    smem_start:       0x81000000
    smem_len:            6782976    type:          PACKED_PIXELS
    type_aux:                  0    visual:   STATIC_PSEUDOCOLOR
    xpanstep:                  1    ypanstep:                  1
    ywrapstep:                 0    line_length:            1088
    mmio_start:       0x00000000    mmio_len:                  0
    accel:                     0

Variable framebuffer info
    xres:                   1072    yres:                   1448
    xres_virtual:           1088    yres_virtual:           6144
    xoffset:                   0    yoffset:                   0
    bits_per_pixel:            8    grayscale:                 1
    red.offset:                0    green.offset:              0
    red.length:                8    green.length:              8
    red.msb_right:             0    green.msb_right:           0
    blue.offset:               0    transp.offset:             0
    blue.length:               8    transp.length:             0
    blue.msb_right:            0    transp.msb_right:          0
    nonstd:                    0    activate:                128
    width:                    91    height:                  122
    accel_flags:               0    pixclock:           83333333
    left_margin:              16    right_margin:            104
    upper_margin:              4    lower_margin:              4
    hsync_len:                26    vsync_len:                 2
    sync:                      0    vmode:                     0
    rotate:                    3
DPI: 299.217582 301.468852 300
waveform type = 2
material type = 1
temperature = 26 (C)
--- eips -c clear ---
rc=0
update_to_display: update_mode=PARTIAL, wave_mode=2 inverted=0
--- eips -k dump fb-after-clear ---
rc=0
write 3104512 byte @0x40db0000 to /mnt/us/fb-after-clear.bin
-rwxrwxrwx    1 root     root       3104512 Sep 22 15:48 /mnt/us/fb-after-clear.bin
--- eips -q -f checker ---
rc=0
update_to_display: update_mode=FULL, wave_mode=2 inverted=0
--- eips -k dump fb-after-checker ---
rc=0
write 3104512 byte @0x40bfe000 to /mnt/us/fb-after-checker.bin
-rwxrwxrwx    1 root     root       3104512 Sep 22 15:49 /mnt/us/fb-after-checker.bin
--- eips -l -f grayscale ---
rc=0
update_to_display: update_mode=FULL, wave_mode=2 inverted=0
--- eips -k dump fb-after-gray ---
rc=0
write 3104512 byte @0x40cc8000 to /mnt/us/fb-after-gray.bin
-rwxrwxrwx    1 root     root       3104512 Sep 22 15:49 /mnt/us/fb-after-gray.bin
--- eips -p -f pattern ---
rc=0
update_to_display: update_mode=FULL, wave_mode=2 inverted=0
--- eips -k dump fb-after-pattern ---
rc=0
write 3104512 byte @0x40bbb000 to /mnt/us/fb-after-pattern.bin
-rwxrwxrwx    1 root     root       3104512 Sep 22 15:50 /mnt/us/fb-after-pattern.bin
=== EIPS DIAG PHASE2 START Tue Sep 22 16:16:43 UTC 2026 ===
--- eips -d l=00,w=100,h=100 -f -x 0 -y 0 ---
update_to_display: update_mode=FULL, wave_mode=2 inverted=0
rc=0
HOLD MARKER 20s - USER: note which CORNER the black square is in!
--- dump fb-after-marker.bin ---
write 3104512 byte @0x40b8c000 to /mnt/us/fb-after-marker.bin
rc=0
-rwxrwxrwx    1 root     root       3104512 Sep 22 16:17 /mnt/us/fb-after-marker.bin
sync
dump fb-after-marker.bin done
DONE B
--- eips -d l=ff,w=1072,h=1448 -f -x 0 -y 0 ---
update_to_display: update_mode=FULL, wave_mode=2 inverted=0
rc=0
HOLD FULLWHITE 10s
--- dump fb-after-fullwhite.bin ---
write 3104512 byte @0x40bec000 to /mnt/us/fb-after-fullwhite.bin
rc=0
-rwxrwxrwx    1 root     root       3104512 Sep 22 16:17 /mnt/us/fb-after-fullwhite.bin
sync
dump fb-after-fullwhite.bin done
DONE C
--- eips -d l=80,w=1072,h=1448 -f -x 0 -y 0 ---
update_to_display: update_mode=FULL, wave_mode=2 inverted=0
rc=0
HOLD FULLGRAY 10s
--- dump fb-after-fullgray.bin ---
write 3104512 byte @0x40c71000 to /mnt/us/fb-after-fullgray.bin
rc=0
-rwxrwxrwx    1 root     root       3104512 Sep 22 16:17 /mnt/us/fb-after-fullgray.bin
sync
dump fb-after-fullgray.bin done
DONE D
--- eips -q -f ---
update_to_display: update_mode=FULL, wave_mode=2 inverted=0
rc=0
HOLD FINAL CHECKER 10s
--- dump fb-after-final.bin ---
write 3104512 byte @0x40c9a000 to /mnt/us/fb-after-final.bin
rc=0
-rwxrwxrwx    1 root     root       3104512 Sep 22 16:17 /mnt/us/fb-after-final.bin
sync
dump fb-after-final.bin done
DONE E
=== EIPS DIAG PHASE2 END Tue Sep 22 16:17:43 UTC 2026 ===
=== EIPS DIAG PHASE2 START Tue Sep 22 18:11:45 UTC 2026 ===
=== EIPS DIAG PHASE2 END Tue Sep 22 18:11:47 UTC 2026 ===
=== EIPS DIAG PHASE2 START Tue Sep 22 18:20:13 UTC 2026 ===
=== EIPS DIAG PHASE2 END Tue Sep 22 18:20:15 UTC 2026 ===
=== EIPS DIAG PHASE2 START Tue Sep 22 18:27:18 UTC 2026 ===
=== EIPS DIAG PHASE2 END Tue Sep 22 18:27:20 UTC 2026 ===
=== EIPS DIAG PHASE2 START Tue Sep 22 19:26:50 UTC 2026 ===
--- orient show t ---
update_to_display: update_mode=PARTIAL, wave_mode=257 inverted=0
rc=0
--- orient show t180 ---
update_to_display: update_mode=PARTIAL, wave_mode=257 inverted=0
rc=0
--- orient show cw ---
update_to_display: update_mode=PARTIAL, wave_mode=257 inverted=0
rc=0
=== EIPS DIAG PHASE2 START Tue Sep 22 19:37:21 UTC 2026 ===
--- orient show t ---
eips: paint_image> cannot open "-f":can't fopen
update_to_display: update_mode=PARTIAL, wave_mode=2 inverted=0
rc_g=1
update_to_display: update_mode=PARTIAL, wave_mode=257 inverted=0
rc_bare=0
--- orient show t180 ---
eips: paint_image> cannot open "-f":can't fopen
update_to_display: update_mode=PARTIAL, wave_mode=2 inverted=0
rc_g=1
update_to_display: update_mode=PARTIAL, wave_mode=257 inverted=0
rc_bare=0
=== EIPS DIAG PHASE2 START Tue Sep 22 20:03:58 UTC 2026 ===
--- clear ---
update_to_display: update_mode=PARTIAL, wave_mode=2 inverted=0
rc=0
rc_clear=0
--- orient show t ---
--- show t -b 1bit ---
update_to_display: update_mode=FULL, wave_mode=2 inverted=0
rc=0
--- dump t b1 ---
write 3104512 byte @0x40b9e000 to /mnt/us/fbdump-t-b1.bin
rc=0
size_b1=3104512
--- orient show t180 ---
--- show t180 -b 1bit ---
update_to_display: update_mode=FULL, wave_mode=2 inverted=0
rc=0
--- dump t180 b1 ---
write 3104512 byte @0x40d27000 to /mnt/us/fbdump-t180-b1.bin
rc=0
size_b1=3104512
--- orient show cw ---
--- show cw -b 1bit ---
update_to_display: update_mode=FULL, wave_mode=2 inverted=0
rc=0
--- dump cw b1 ---
write 3104512 byte @0x40ba4000 to /mnt/us/fbdump-cw-b1.bin
rc=0
size_b1=3104512
--- orient show ccw ---
--- show ccw -b 1bit ---
update_to_display: update_mode=FULL, wave_mode=2 inverted=0
rc=0
--- dump ccw b1 ---
write 3104512 byte @0x40b45000 to /mnt/us/fbdump-ccw-b1.bin
rc=0
size_b1=3104512
--- checker ---
update_to_display: update_mode=FULL, wave_mode=2 inverted=0
rc=0
DONE F
=== EIPS DIAG PHASE2 END Tue Sep 22 20:06:19 UTC 2026 ===
=== EIPS DIAG PHASE2 START Tue Sep 22 21:04:24 UTC 2026 ===
--- F2 eips -i ---

Fixed framebuffer info
    id:              mxc_epdc_fb    smem_start:       0x81000000
    smem_len:            6782976    type:          PACKED_PIXELS
    type_aux:                  0    visual:   STATIC_PSEUDOCOLOR
    xpanstep:                  1    ypanstep:                  1
    ywrapstep:                 0    line_length:            1088
    mmio_start:       0x00000000    mmio_len:                  0
    accel:                     0

Variable framebuffer info
    xres:                   1072    yres:                   1448
    xres_virtual:           1088    yres_virtual:           6144
    xoffset:                   0    yoffset:                   0
    bits_per_pixel:            8    grayscale:                 1
    red.offset:                0    green.offset:              0
    red.length:                8    green.length:              8
    red.msb_right:             0    green.msb_right:           0
    blue.offset:               0    transp.offset:             0
    blue.length:               8    transp.length:             0
    blue.msb_right:            0    transp.msb_right:          0
    nonstd:                    0    activate:                128
    width:                    91    height:                  122
    accel_flags:               0    pixclock:           83333333
    left_margin:              16    right_margin:            104
    upper_margin:              4    lower_margin:              4
    hsync_len:                26    vsync_len:                 2
    sync:                      0    vmode:                     0
    rotate:                    3
DPI: 299.217582 301.468852 300
waveform type = 2
material type = 1
temperature = 29 (C)
rc=0
--- F2 clear ---
update_to_display: update_mode=PARTIAL, wave_mode=2 inverted=0
rc=0
--- dump F2-clear.bin ---
write 3104512 byte @0x40abb000 to /mnt/us/F2-clear.bin
rc=0
-rwxrwxrwx    1 root     root       3104512 Sep 22 21:04 /mnt/us/F2-clear.bin
sync
dump F2-clear.bin done
--- F2 checker (step 3) ---
update_to_display: update_mode=FULL, wave_mode=2 inverted=0
rc=0
HOLD CHECKER 20s = step 3
--- dump F2-checker.bin ---
write 3104512 byte @0x40bab000 to /mnt/us/F2-checker.bin
rc=0
-rwxrwxrwx    1 root     root       3104512 Sep 22 21:05 /mnt/us/F2-checker.bin
sync
dump F2-checker.bin done
--- F2 -b 1bit t180 (step 4) ---
update_to_display: update_mode=FULL, wave_mode=2 inverted=0
rc=0
--- dump F2-b1-t180.bin ---
write 3104512 byte @0x40c9d000 to /mnt/us/F2-b1-t180.bin
rc=0
-rwxrwxrwx    1 root     root       3104512 Sep 22 21:05 /mnt/us/F2-b1-t180.bin
sync
dump F2-b1-t180.bin done
size_b1=3104512
--- F2 flash after b1 (step 5) ---
update_to_display: update_mode=FULL, wave_mode=2 inverted=0
rc=0
--- dump F2-flash-after-b1.bin ---
write 3104512 byte @0x40ba8000 to /mnt/us/F2-flash-after-b1.bin
rc=0
-rwxrwxrwx    1 root     root       3104512 Sep 22 21:05 /mnt/us/F2-flash-after-b1.bin
sync
dump F2-flash-after-b1.bin done
--- F2 -g 8bit t180 (step 6) ---
update_to_display: update_mode=FULL, wave_mode=2 inverted=0
rc=0
--- dump F2-g8-t180.bin ---
write 3104512 byte @0x40d48000 to /mnt/us/F2-g8-t180.bin
rc=0
-rwxrwxrwx    1 root     root       3104512 Sep 22 21:06 /mnt/us/F2-g8-t180.bin
sync
dump F2-g8-t180.bin done
--- F2 flash after g8 (step 7) ---
update_to_display: update_mode=FULL, wave_mode=2 inverted=0
rc=0
--- dump F2-flash-after-g8.bin ---
write 3104512 byte @0x40c2d000 to /mnt/us/F2-flash-after-g8.bin
rc=0
-rwxrwxrwx    1 root     root       3104512 Sep 22 21:06 /mnt/us/F2-flash-after-g8.bin
sync
dump F2-flash-after-g8.bin done
--- F2 final checker (step 8) ---
update_to_display: update_mode=FULL, wave_mode=2 inverted=0
rc=0
DONE F2
=== EIPS DIAG PHASE2 END Tue Sep 22 21:06:41 UTC 2026 ===
=== EIPS DIAG PHASE2 START Wed Sep 23 11:56:28 UTC 2026 ===
=== EIPS DIAG PHASE2 END Wed Sep 23 11:56:31 UTC 2026 ===
=== EIPS DIAG PHASE2 START Wed Sep 23 12:18:04 UTC 2026 ===
=== EIPS DIAG PHASE2 END Wed Sep 23 12:18:07 UTC 2026 ===
2026-09-24T14:18:23Z eips rc=0 (3.244222501s)
2026-09-24T14:19:50Z eips rc=0 (2.636357583s)
2026-09-24T14:20:14Z eips rc=0 (395.771081ms)
2026-09-24T18:11:26Z eips rc=0 (501.096833ms)
2026-09-24T18:13:12Z eips rc=0 (2.227105333s)
2026-09-24T18:13:35Z eips rc=0 (403.342917ms)
2026-09-24T20:36:11Z eips rc=0 (3.229788665s)
2026-09-24T20:37:41Z eips rc=0 (2.432530167s)
2026-09-24T20:42:53Z eips rc=0 (181.131708ms)
2026-09-24T21:55:16Z eips rc=0 (1.629805083s)
2026-09-24T22:00:29Z eips rc=0 (181.669084ms)
2026-09-27T13:37:59Z eips rc=0 (1.875296459s)
2026-09-27T13:43:13Z eips rc=0 (191.2095ms)
2026-09-27T15:18:02Z eips rc=0 (1.257280333s)
2026-09-27T17:05:41Z eips rc=0 (188.326958ms)
2026-09-27T17:54:29Z eips rc=0 (194.962584ms)
2026-09-27T17:59:50Z eips rc=0 (195.971542ms)
2026-09-27T18:48:20Z eips rc=0 (193.087ms)
2026-09-27T18:59:02Z eips rc=0 (191.45875ms)
2026-09-27T19:09:50Z eips rc=0 (192.826875ms)
2026-09-27T22:50:44Z eips rc=0 (191.660083ms)
2026-09-27T23:01:25Z eips rc=0 (190.491209ms)
2026-09-27T23:06:46Z eips rc=0 (192.808792ms)
2026-09-27T23:12:05Z eips rc=0 (192.518542ms)
2026-09-28T00:16:09Z eips rc=0 (191.252542ms)
2026-09-28T00:21:28Z eips rc=0 (192.480417ms)
2026-09-28T01:41:20Z eips rc=0 (189.8335ms)
2026-09-28T03:33:01Z eips rc=0 (187.946417ms)
2026-09-28T03:38:22Z eips rc=0 (191.182875ms)
2026-09-28T03:43:42Z eips rc=0 (189.837333ms)
2026-09-28T03:54:22Z eips rc=0 (184.536209ms)
2026-09-28T03:59:42Z eips rc=0 (188.975292ms)
2026-09-28T04:15:42Z eips rc=0 (191.375167ms)
2026-09-28T05:14:20Z eips rc=0 (191.437667ms)
2026-09-28T05:25:00Z eips rc=0 (186.674375ms)
2026-09-28T05:30:20Z eips rc=0 (187.354376ms)
2026-09-28T05:35:40Z eips rc=0 (187.313542ms)
2026-09-28T05:41:01Z eips rc=0 (187.855ms)
2026-09-28T05:46:21Z eips rc=0 (181.253166ms)
2026-09-28T05:51:42Z eips rc=0 (186.162542ms)
2026-09-28T05:57:02Z eips rc=0 (186.196833ms)
2026-09-28T06:02:22Z eips rc=0 (184.131792ms)
2026-09-28T06:07:42Z eips rc=0 (183.666584ms)
2026-09-28T06:13:02Z eips rc=0 (183.502916ms)
2026-09-28T06:23:36Z eips rc=0 (183.967625ms)
2026-09-28T06:28:56Z eips rc=0 (186.728334ms)
2026-09-28T06:34:16Z eips rc=0 (186.305709ms)
2026-09-28T07:57:09Z eips rc=0 (1.812049083s)
2026-09-28T07:57:09Z fbdump /tmp/kf_fb_base.raw: 3104512 bytes (141.581792ms)
2026-09-28T07:57:14Z fbdump /tmp/kf_fb_cur.raw: 3104512 bytes (189.305791ms)
2026-09-28T07:57:26Z fbdump /tmp/kf_fb_cur.raw: 3104512 bytes (56.689125ms)
2026-09-28T07:57:37Z eips rc=0 (191.844501ms)
2026-09-28T07:57:38Z fbdump /tmp/kf_fb_base.raw: 3104512 bytes (31.577542ms)
2026-09-28T07:57:38Z fbdump /tmp/kf_fb_cur.raw: 3104512 bytes (24.4465ms)
2026-09-28T07:57:49Z fbdump /tmp/kf_fb_cur.raw: 3104512 bytes (24.783959ms)
2026-09-28T07:58:00Z fbdump /tmp/kf_fb_cur.raw: 3104512 bytes (24.419417ms)
2026-09-28T07:58:10Z fbdump /tmp/kf_fb_cur.raw: 3104512 bytes (24.44175ms)
2026-09-28T07:58:21Z eips rc=0 (186.670833ms)
2026-09-28T07:58:21Z fbdump /tmp/kf_fb_base.raw: 3104512 bytes (30.067917ms)
2026-09-28T07:58:22Z fbdump /tmp/kf_fb_cur.raw: 3104512 bytes (24.373417ms)
2026-09-28T07:58:32Z fbdump /tmp/kf_fb_cur.raw: 3104512 bytes (24.615833ms)
2026-09-28T07:58:43Z fbdump /tmp/kf_fb_cur.raw: 3104512 bytes (24.455041ms)
2026-09-28T07:58:53Z fbdump /tmp/kf_fb_cur.raw: 3104512 bytes (24.506708ms)
2026-09-28T07:59:04Z fbdump /tmp/kf_fb_cur.raw: 3104512 bytes (24.393042ms)
2026-09-28T07:59:15Z fbdump /tmp/kf_fb_cur.raw: 3104512 bytes (24.379584ms)
2026-09-28T07:59:26Z fbdump /tmp/kf_fb_cur.raw: 3104512 bytes (24.415459ms)
2026-09-28T07:59:36Z fbdump /tmp/kf_fb_cur.raw: 3104512 bytes (24.451333ms)
2026-09-28T07:59:47Z eips rc=0 (186.566584ms)
2026-09-28T07:59:47Z fbdump /tmp/kf_fb_base.raw: 3104512 bytes (29.912583ms)
2026-09-28T07:59:47Z fbdump /tmp/kf_fb_cur.raw: 3104512 bytes (24.580833ms)
2026-09-28T07:59:58Z fbdump /tmp/kf_fb_cur.raw: 3104512 bytes (24.503916ms)
2026-09-28T08:00:09Z fbdump /tmp/kf_fb_cur.raw: 3104512 bytes (24.496958ms)
2026-09-28T08:00:20Z fbdump /tmp/kf_fb_cur.raw: 3104512 bytes (24.398417ms)
2026-09-28T08:00:30Z fbdump /tmp/kf_fb_cur.raw: 3104512 bytes (24.397876ms)
2026-09-28T08:00:41Z fbdump /tmp/kf_fb_cur.raw: 3104512 bytes (32.584751ms)
2026-09-28T08:00:51Z fbdump /tmp/kf_fb_cur.raw: 3104512 bytes (24.394333ms)
2026-09-28T08:01:02Z fbdump /tmp/kf_fb_cur.raw: 3104512 bytes (24.447667ms)
2026-09-28T08:01:12Z fbdump /tmp/kf_fb_cur.raw: 3104512 bytes (24.854917ms)
2026-09-28T08:01:23Z fbdump /tmp/kf_fb_cur.raw: 3104512 bytes (24.484ms)
2026-09-28T08:01:34Z fbdump /tmp/kf_fb_cur.raw: 3104512 bytes (24.509542ms)
2026-09-28T08:01:44Z fbdump /tmp/kf_fb_cur.raw: 3104512 bytes (25.203667ms)
2026-09-28T08:01:55Z fbdump /tmp/kf_fb_cur.raw: 3104512 bytes (24.522667ms)
2026-09-28T08:02:05Z fbdump /tmp/kf_fb_cur.raw: 3104512 bytes (24.583167ms)
2026-09-28T08:02:16Z eips rc=0 (186.714417ms)
2026-09-28T08:02:16Z fbdump /tmp/kf_fb_base.raw: 3104512 bytes (30.181208ms)
2026-09-28T08:02:16Z fbdump /tmp/kf_fb_cur.raw: 3104512 bytes (25.0125ms)
2026-09-28T08:02:33Z eips rc=0 (187.503625ms)
2026-09-28T08:02:33Z fbdump /tmp/kf_fb_base.raw: 3104512 bytes (30.382291ms)
2026-09-28T08:02:34Z fbdump /tmp/kf_fb_cur.raw: 3104512 bytes (24.542584ms)
2026-09-28T08:02:44Z fbdump /tmp/kf_fb_cur.raw: 3104512 bytes (24.503001ms)
2026-09-28T08:02:55Z fbdump /tmp/kf_fb_cur.raw: 3104512 bytes (24.372708ms)
2026-09-28T08:03:06Z fbdump /tmp/kf_fb_cur.raw: 3104512 bytes (24.479501ms)
2026-09-28T08:03:17Z fbdump /tmp/kf_fb_cur.raw: 3104512 bytes (24.372459ms)
2026-09-28T08:03:27Z fbdump /tmp/kf_fb_cur.raw: 3104512 bytes (24.425209ms)
2026-09-28T08:03:38Z fbdump /tmp/kf_fb_cur.raw: 3104512 bytes (24.42125ms)
2026-09-28T08:03:48Z fbdump /tmp/kf_fb_cur.raw: 3104512 bytes (24.4905ms)
2026-09-28T08:03:59Z fbdump /tmp/kf_fb_cur.raw: 3104512 bytes (24.41475ms)
2026-09-28T08:04:09Z fbdump /tmp/kf_fb_cur.raw: 3104512 bytes (24.357624ms)
2026-09-28T08:04:20Z fbdump /tmp/kf_fb_cur.raw: 3104512 bytes (24.41075ms)
2026-09-28T08:04:31Z fbdump /tmp/kf_fb_cur.raw: 3104512 bytes (24.441125ms)
2026-09-28T08:04:41Z fbdump /tmp/kf_fb_cur.raw: 3104512 bytes (24.455667ms)
2026-09-28T08:04:52Z fbdump /tmp/kf_fb_cur.raw: 3104512 bytes (24.42325ms)
2026-09-28T08:05:02Z fbdump /tmp/kf_fb_cur.raw: 3104512 bytes (24.354792ms)
2026-09-28T08:05:13Z fbdump /tmp/kf_fb_cur.raw: 3104512 bytes (24.420292ms)
2026-09-28T08:05:23Z fbdump /tmp/kf_fb_cur.raw: 3104512 bytes (24.413042ms)
2026-09-28T08:05:34Z fbdump /tmp/kf_fb_cur.raw: 3104512 bytes (24.502084ms)
2026-09-28T08:05:44Z fbdump /tmp/kf_fb_cur.raw: 3104512 bytes (24.733875ms)
2026-09-28T08:05:55Z fbdump /tmp/kf_fb_cur.raw: 3104512 bytes (24.385291ms)
2026-09-28T08:06:05Z fbdump /tmp/kf_fb_cur.raw: 3104512 bytes (24.431375ms)
2026-09-28T08:06:16Z fbdump /tmp/kf_fb_cur.raw: 3104512 bytes (24.5135ms)
2026-09-28T08:06:27Z fbdump /tmp/kf_fb_cur.raw: 3104512 bytes (26.561125ms)
2026-09-28T08:06:37Z fbdump /tmp/kf_fb_cur.raw: 3104512 bytes (26.283958ms)
2026-09-28T08:06:48Z fbdump /tmp/kf_fb_cur.raw: 3104512 bytes (26.172916ms)
2026-09-28T08:06:58Z fbdump /tmp/kf_fb_cur.raw: 3104512 bytes (24.412251ms)
2026-09-28T08:07:09Z fbdump /tmp/kf_fb_cur.raw: 3104512 bytes (24.413334ms)
2026-09-28T08:07:19Z fbdump /tmp/kf_fb_cur.raw: 3104512 bytes (24.451209ms)
2026-09-28T08:07:30Z fbdump /tmp/kf_fb_cur.raw: 3104512 bytes (24.51125ms)
2026-09-28T08:07:40Z fbdump /tmp/kf_fb_cur.raw: 3104512 bytes (24.495625ms)
2026-09-28T08:07:57Z fbdump /tmp/kf_fb_cur.raw: 3104512 bytes (24.378751ms)
2026-09-28T08:08:07Z fbdump /tmp/kf_fb_cur.raw: 3104512 bytes (26.192959ms)
2026-09-28T08:08:18Z fbdump /tmp/kf_fb_cur.raw: 3104512 bytes (24.494834ms)
2026-09-28T08:08:28Z fbdump /tmp/kf_fb_cur.raw: 3104512 bytes (24.497208ms)
2026-09-28T08:08:39Z fbdump /tmp/kf_fb_cur.raw: 3104512 bytes (24.800334ms)
2026-09-28T08:08:50Z fbdump /tmp/kf_fb_cur.raw: 3104512 bytes (24.434834ms)
2026-09-28T08:09:00Z fbdump /tmp/kf_fb_cur.raw: 3104512 bytes (26.19075ms)
2026-09-28T08:09:11Z fbdump /tmp/kf_fb_cur.raw: 3104512 bytes (24.395125ms)
2026-09-28T08:09:21Z fbdump /tmp/kf_fb_cur.raw: 3104512 bytes (24.471251ms)
2026-09-28T08:09:32Z fbdump /tmp/kf_fb_cur.raw: 3104512 bytes (24.397625ms)
2026-09-28T08:09:42Z fbdump /tmp/kf_fb_cur.raw: 3104512 bytes (24.393541ms)
2026-09-28T08:09:53Z fbdump /tmp/kf_fb_cur.raw: 3104512 bytes (24.513333ms)
2026-09-28T08:10:03Z fbdump /tmp/kf_fb_cur.raw: 3104512 bytes (24.438542ms)
2026-09-28T08:10:14Z fbdump /tmp/kf_fb_cur.raw: 3104512 bytes (24.460167ms)
2026-09-28T08:10:24Z fbdump /tmp/kf_fb_cur.raw: 3104512 bytes (24.406292ms)
2026-09-28T08:10:35Z fbdump /tmp/kf_fb_cur.raw: 3104512 bytes (24.4725ms)
2026-09-28T08:10:45Z fbdump /tmp/kf_fb_cur.raw: 3104512 bytes (24.493584ms)
2026-09-28T08:10:56Z fbdump /tmp/kf_fb_cur.raw: 3104512 bytes (24.513625ms)
2026-09-28T08:11:07Z fbdump /tmp/kf_fb_cur.raw: 3104512 bytes (24.422375ms)
2026-09-28T08:11:17Z fbdump /tmp/kf_fb_cur.raw: 3104512 bytes (24.465583ms)
2026-09-28T08:11:28Z fbdump /tmp/kf_fb_cur.raw: 3104512 bytes (24.491667ms)
2026-09-28T08:11:38Z fbdump /tmp/kf_fb_cur.raw: 3104512 bytes (24.534625ms)
2026-09-28T08:11:49Z fbdump /tmp/kf_fb_cur.raw: 3104512 bytes (24.504417ms)
2026-09-28T08:11:59Z fbdump /tmp/kf_fb_cur.raw: 3104512 bytes (24.491501ms)
2026-09-28T08:12:10Z fbdump /tmp/kf_fb_cur.raw: 3104512 bytes (24.503583ms)
2026-09-28T08:12:20Z fbdump /tmp/kf_fb_cur.raw: 3104512 bytes (24.496834ms)
2026-09-28T08:12:31Z fbdump /tmp/kf_fb_cur.raw: 3104512 bytes (24.671542ms)
2026-09-28T08:12:41Z fbdump /tmp/kf_fb_cur.raw: 3104512 bytes (24.712791ms)
2026-09-28T08:12:52Z fbdump /tmp/kf_fb_cur.raw: 3104512 bytes (24.430666ms)
2026-09-28T08:13:03Z fbdump /tmp/kf_fb_cur.raw: 3104512 bytes (24.502709ms)
2026-09-28T08:13:20Z fbdump /tmp/kf_fb_cur.raw: 3104512 bytes (24.419208ms)
2026-09-28T08:13:30Z fbdump /tmp/kf_fb_cur.raw: 3104512 bytes (24.491708ms)
2026-09-28T19:54:17Z fbdump /tmp/kf_fb_cur.raw: 3104512 bytes (24.63975ms)
2026-09-28T19:54:27Z fbdump /tmp/kf_fb_cur.raw: 3104512 bytes (24.734251ms)
2026-09-28T19:54:38Z fbdump /tmp/kf_fb_cur.raw: 3104512 bytes (24.659708ms)
2026-09-28T19:54:48Z fbdump /tmp/kf_fb_cur.raw: 3104512 bytes (24.739959ms)
2026-09-28T19:54:59Z fbdump /tmp/kf_fb_cur.raw: 3104512 bytes (24.693916ms)
2026-09-28T19:55:09Z fbdump /tmp/kf_fb_cur.raw: 3104512 bytes (24.744292ms)
2026-09-28T19:55:20Z fbdump /tmp/kf_fb_cur.raw: 3104512 bytes (24.731209ms)
2026-09-28T19:55:51Z fbdump /tmp/kf_fb_cur.raw: 3104512 bytes (24.802751ms)
2026-09-28T19:56:02Z fbdump /tmp/kf_fb_cur.raw: 3104512 bytes (24.757292ms)
2026-09-28T19:56:12Z fbdump /tmp/kf_fb_cur.raw: 3104512 bytes (24.651ms)
2026-09-28T19:56:23Z fbdump /tmp/kf_fb_cur.raw: 3104512 bytes (24.696958ms)
2026-09-28T19:56:40Z eips rc=0 (203.2455ms)
2026-09-28T19:56:40Z fbdump /tmp/kf_fb_base.raw: 3104512 bytes (30.524708ms)
2026-09-28T19:56:41Z fbdump /tmp/kf_fb_cur.raw: 3104512 bytes (24.671125ms)
2026-09-28T19:56:52Z fbdump /tmp/kf_fb_cur.raw: 3104512 bytes (24.695333ms)
2026-09-28T19:57:03Z fbdump /tmp/kf_fb_cur.raw: 3104512 bytes (24.669416ms)
2026-09-28T19:57:13Z fbdump /tmp/kf_fb_cur.raw: 3104512 bytes (24.742084ms)
2026-09-28T19:57:24Z fbdump /tmp/kf_fb_cur.raw: 3104512 bytes (24.716542ms)
2026-09-28T19:57:34Z fbdump /tmp/kf_fb_cur.raw: 3104512 bytes (24.6865ms)
2026-09-28T19:57:45Z fbdump /tmp/kf_fb_cur.raw: 3104512 bytes (24.760251ms)
2026-09-28T19:57:55Z fbdump /tmp/kf_fb_cur.raw: 3104512 bytes (24.708083ms)
2026-09-28T19:58:06Z fbdump /tmp/kf_fb_cur.raw: 3104512 bytes (24.708417ms)
2026-09-28T19:58:17Z fbdump /tmp/kf_fb_cur.raw: 3104512 bytes (24.722167ms)
2026-09-28T19:58:27Z fbdump /tmp/kf_fb_cur.raw: 3104512 bytes (24.692208ms)
2026-09-28T19:58:38Z fbdump /tmp/kf_fb_cur.raw: 3104512 bytes (24.777459ms)
2026-09-28T19:58:48Z fbdump /tmp/kf_fb_cur.raw: 3104512 bytes (25.040584ms)
2026-09-28T19:58:59Z fbdump /tmp/kf_fb_cur.raw: 3104512 bytes (24.637333ms)
2026-09-28T19:59:09Z fbdump /tmp/kf_fb_cur.raw: 3104512 bytes (24.745584ms)
2026-09-28T19:59:20Z fbdump /tmp/kf_fb_cur.raw: 3104512 bytes (24.727875ms)
2026-09-28T19:59:30Z fbdump /tmp/kf_fb_cur.raw: 3104512 bytes (24.675834ms)
2026-09-28T19:59:41Z fbdump /tmp/kf_fb_cur.raw: 3104512 bytes (24.661917ms)
2026-09-28T19:59:51Z fbdump /tmp/kf_fb_cur.raw: 3104512 bytes (24.614208ms)
2026-09-28T20:00:02Z fbdump /tmp/kf_fb_cur.raw: 3104512 bytes (24.710459ms)
2026-09-28T20:00:13Z fbdump /tmp/kf_fb_cur.raw: 3104512 bytes (24.722917ms)
2026-09-28T20:00:23Z fbdump /tmp/kf_fb_cur.raw: 3104512 bytes (24.71075ms)
2026-09-28T20:00:34Z fbdump /tmp/kf_fb_cur.raw: 3104512 bytes (24.736584ms)
2026-09-28T20:00:44Z fbdump /tmp/kf_fb_cur.raw: 3104512 bytes (27.382917ms)
2026-09-28T20:00:55Z fbdump /tmp/kf_fb_cur.raw: 3104512 bytes (24.663ms)
2026-09-28T20:01:05Z fbdump /tmp/kf_fb_cur.raw: 3104512 bytes (24.713917ms)
2026-09-28T20:01:16Z fbdump /tmp/kf_fb_cur.raw: 3104512 bytes (24.705625ms)
2026-09-28T20:01:26Z fbdump /tmp/kf_fb_cur.raw: 3104512 bytes (24.706ms)
2026-09-28T20:01:37Z fbdump /tmp/kf_fb_cur.raw: 3104512 bytes (24.697417ms)
2026-09-28T20:01:47Z fbdump /tmp/kf_fb_cur.raw: 3104512 bytes (24.645125ms)
2026-09-28T20:02:05Z eips rc=0 (193.667792ms)
2026-09-28T20:02:05Z fbdump /tmp/kf_fb_base.raw: 3104512 bytes (30.304708ms)
2026-09-28T20:02:05Z fbdump /tmp/kf_fb_cur.raw: 3104512 bytes (25.132833ms)
2026-09-28T20:02:16Z fbdump /tmp/kf_fb_cur.raw: 3104512 bytes (24.777917ms)
2026-09-28T20:02:26Z fbdump /tmp/kf_fb_cur.raw: 3104512 bytes (24.753959ms)
2026-09-28T20:02:37Z fbdump /tmp/kf_fb_cur.raw: 3104512 bytes (24.637291ms)
2026-09-28T20:02:48Z fbdump /tmp/kf_fb_cur.raw: 3104512 bytes (24.792917ms)
2026-09-28T20:02:58Z fbdump /tmp/kf_fb_cur.raw: 3104512 bytes (24.854084ms)
2026-09-28T20:03:09Z fbdump /tmp/kf_fb_cur.raw: 3104512 bytes (24.627958ms)
2026-09-28T20:03:20Z fbdump /tmp/kf_fb_cur.raw: 3104512 bytes (24.802376ms)
2026-09-28T20:03:31Z fbdump /tmp/kf_fb_cur.raw: 3104512 bytes (24.764208ms)
2026-09-28T20:03:41Z fbdump /tmp/kf_fb_cur.raw: 3104512 bytes (24.764501ms)
2026-09-28T20:03:52Z fbdump /tmp/kf_fb_cur.raw: 3104512 bytes (24.83625ms)
2026-09-28T20:04:02Z fbdump /tmp/kf_fb_cur.raw: 3104512 bytes (24.742542ms)
2026-09-28T20:04:13Z fbdump /tmp/kf_fb_cur.raw: 3104512 bytes (24.739084ms)
2026-09-28T20:04:23Z fbdump /tmp/kf_fb_cur.raw: 3104512 bytes (24.743209ms)
2026-09-28T20:04:34Z fbdump /tmp/kf_fb_cur.raw: 3104512 bytes (24.856875ms)
2026-09-28T20:04:45Z fbdump /tmp/kf_fb_cur.raw: 3104512 bytes (24.778625ms)
2026-09-28T20:04:55Z fbdump /tmp/kf_fb_cur.raw: 3104512 bytes (24.903167ms)
2026-09-28T20:05:06Z fbdump /tmp/kf_fb_cur.raw: 3104512 bytes (24.809959ms)
2026-09-28T20:05:16Z fbdump /tmp/kf_fb_cur.raw: 3104512 bytes (24.696459ms)
2026-09-28T20:05:27Z fbdump /tmp/kf_fb_cur.raw: 3104512 bytes (24.733459ms)
2026-09-28T20:05:37Z fbdump /tmp/kf_fb_cur.raw: 3104512 bytes (24.761001ms)
2026-09-28T20:05:48Z fbdump /tmp/kf_fb_cur.raw: 3104512 bytes (24.731333ms)
2026-09-28T20:05:58Z fbdump /tmp/kf_fb_cur.raw: 3104512 bytes (24.776876ms)
2026-09-28T20:06:09Z fbdump /tmp/kf_fb_cur.raw: 3104512 bytes (24.857584ms)
2026-09-28T20:06:19Z fbdump /tmp/kf_fb_cur.raw: 3104512 bytes (24.686083ms)
2026-09-28T20:06:30Z fbdump /tmp/kf_fb_cur.raw: 3104512 bytes (24.853209ms)
2026-09-28T20:06:40Z fbdump /tmp/kf_fb_cur.raw: 3104512 bytes (24.746125ms)
2026-09-28T20:06:51Z fbdump /tmp/kf_fb_cur.raw: 3104512 bytes (24.735542ms)
2026-09-28T20:07:02Z fbdump /tmp/kf_fb_cur.raw: 3104512 bytes (25.085417ms)
2026-09-28T20:07:12Z fbdump /tmp/kf_fb_cur.raw: 3104512 bytes (24.751292ms)
2026-09-28T20:07:29Z eips rc=0 (189.172041ms)
2026-09-28T20:07:29Z fbdump /tmp/kf_fb_base.raw: 3104512 bytes (30.6225ms)
2026-09-28T20:07:29Z fbdump /tmp/kf_fb_cur.raw: 3104512 bytes (24.920459ms)
2026-09-28T20:07:40Z fbdump /tmp/kf_fb_cur.raw: 3104512 bytes (25.047667ms)
2026-09-28T20:07:51Z fbdump /tmp/kf_fb_cur.raw: 3104512 bytes (24.806334ms)
2026-09-28T20:08:01Z fbdump /tmp/kf_fb_cur.raw: 3104512 bytes (24.739416ms)
2026-09-28T20:08:12Z fbdump /tmp/kf_fb_cur.raw: 3104512 bytes (25.075875ms)
2026-09-28T20:08:23Z fbdump /tmp/kf_fb_cur.raw: 3104512 bytes (24.898375ms)
2026-09-28T20:08:34Z fbdump /tmp/kf_fb_cur.raw: 3104512 bytes (24.641376ms)
2026-09-28T20:08:44Z fbdump /tmp/kf_fb_cur.raw: 3104512 bytes (24.974334ms)
2026-09-28T20:08:55Z fbdump /tmp/kf_fb_cur.raw: 3104512 bytes (24.722792ms)
2026-09-28T20:09:05Z fbdump /tmp/kf_fb_cur.raw: 3104512 bytes (24.914583ms)
2026-09-28T20:09:16Z fbdump /tmp/kf_fb_cur.raw: 3104512 bytes (24.720958ms)
2026-09-28T20:09:26Z fbdump /tmp/kf_fb_cur.raw: 3104512 bytes (24.659542ms)
2026-09-28T20:09:37Z fbdump /tmp/kf_fb_cur.raw: 3104512 bytes (24.768208ms)
2026-09-28T20:09:47Z fbdump /tmp/kf_fb_cur.raw: 3104512 bytes (25.036375ms)
2026-09-28T20:09:58Z fbdump /tmp/kf_fb_cur.raw: 3104512 bytes (24.683625ms)
2026-09-28T20:10:08Z fbdump /tmp/kf_fb_cur.raw: 3104512 bytes (24.725875ms)
2026-09-28T20:10:19Z fbdump /tmp/kf_fb_cur.raw: 3104512 bytes (24.758ms)
2026-09-28T20:10:29Z fbdump /tmp/kf_fb_cur.raw: 3104512 bytes (24.934208ms)
2026-09-28T20:10:40Z fbdump /tmp/kf_fb_cur.raw: 3104512 bytes (24.741584ms)
2026-09-28T20:10:51Z fbdump /tmp/kf_fb_cur.raw: 3104512 bytes (24.957ms)
2026-09-28T20:11:01Z fbdump /tmp/kf_fb_cur.raw: 3104512 bytes (25.143875ms)
2026-09-28T20:11:12Z fbdump /tmp/kf_fb_cur.raw: 3104512 bytes (24.944583ms)
2026-09-28T20:11:22Z fbdump /tmp/kf_fb_cur.raw: 3104512 bytes (24.880584ms)
2026-09-28T20:11:33Z fbdump /tmp/kf_fb_cur.raw: 3104512 bytes (24.976584ms)
2026-09-28T20:11:43Z fbdump /tmp/kf_fb_cur.raw: 3104512 bytes (24.722625ms)
2026-09-28T20:11:54Z fbdump /tmp/kf_fb_cur.raw: 3104512 bytes (24.942375ms)
2026-09-28T20:12:04Z fbdump /tmp/kf_fb_cur.raw: 3104512 bytes (24.812584ms)
2026-09-28T20:12:15Z fbdump /tmp/kf_fb_cur.raw: 3104512 bytes (24.878542ms)
2026-09-28T20:12:25Z fbdump /tmp/kf_fb_cur.raw: 3104512 bytes (24.969667ms)
2026-09-28T20:12:36Z fbdump /tmp/kf_fb_cur.raw: 3104512 bytes (24.81ms)
2026-09-28T20:12:54Z eips rc=0 (192.735083ms)
2026-09-28T20:12:54Z fbdump /tmp/kf_fb_base.raw: 3104512 bytes (30.387333ms)
2026-09-28T20:12:54Z fbdump /tmp/kf_fb_cur.raw: 3104512 bytes (24.662375ms)
2026-09-28T20:13:05Z fbdump /tmp/kf_fb_cur.raw: 3104512 bytes (24.768126ms)
2026-09-28T20:13:16Z fbdump /tmp/kf_fb_cur.raw: 3104512 bytes (24.750334ms)
2026-09-28T20:13:27Z fbdump /tmp/kf_fb_cur.raw: 3104512 bytes (24.739084ms)
2026-09-28T20:13:37Z fbdump /tmp/kf_fb_cur.raw: 3104512 bytes (24.956792ms)
2026-09-28T20:13:48Z fbdump /tmp/kf_fb_cur.raw: 3104512 bytes (25.643292ms)
2026-09-28T20:13:58Z fbdump /tmp/kf_fb_cur.raw: 3104512 bytes (24.767666ms)
2026-09-28T20:14:09Z fbdump /tmp/kf_fb_cur.raw: 3104512 bytes (24.841375ms)
2026-09-28T20:14:19Z fbdump /tmp/kf_fb_cur.raw: 3104512 bytes (24.7735ms)
2026-09-28T20:14:30Z fbdump /tmp/kf_fb_cur.raw: 3104512 bytes (24.881166ms)
2026-09-28T20:14:40Z fbdump /tmp/kf_fb_cur.raw: 3104512 bytes (24.737417ms)
2026-09-28T20:14:51Z fbdump /tmp/kf_fb_cur.raw: 3104512 bytes (24.948501ms)
2026-09-28T20:15:01Z fbdump /tmp/kf_fb_cur.raw: 3104512 bytes (24.792458ms)
2026-09-28T20:15:12Z fbdump /tmp/kf_fb_cur.raw: 3104512 bytes (24.642083ms)
2026-09-28T20:15:23Z fbdump /tmp/kf_fb_cur.raw: 3104512 bytes (24.613541ms)
2026-09-28T20:15:33Z fbdump /tmp/kf_fb_cur.raw: 3104512 bytes (24.903833ms)
2026-09-28T20:15:44Z fbdump /tmp/kf_fb_cur.raw: 3104512 bytes (25.15525ms)
2026-09-28T20:15:54Z fbdump /tmp/kf_fb_cur.raw: 3104512 bytes (24.959625ms)
2026-09-28T20:16:05Z fbdump /tmp/kf_fb_cur.raw: 3104512 bytes (24.87575ms)
2026-09-28T20:16:15Z fbdump /tmp/kf_fb_cur.raw: 3104512 bytes (24.694833ms)
2026-09-28T20:16:26Z fbdump /tmp/kf_fb_cur.raw: 3104512 bytes (24.898333ms)
2026-09-28T20:16:36Z fbdump /tmp/kf_fb_cur.raw: 3104512 bytes (24.983792ms)
2026-09-28T20:16:47Z fbdump /tmp/kf_fb_cur.raw: 3104512 bytes (24.884459ms)
2026-09-28T20:16:58Z fbdump /tmp/kf_fb_cur.raw: 3104512 bytes (24.918584ms)
2026-09-28T20:17:08Z fbdump /tmp/kf_fb_cur.raw: 3104512 bytes (24.741875ms)
2026-09-28T20:17:19Z fbdump /tmp/kf_fb_cur.raw: 3104512 bytes (24.688791ms)
2026-09-28T20:17:29Z fbdump /tmp/kf_fb_cur.raw: 3104512 bytes (24.925125ms)
2026-09-28T20:17:40Z fbdump /tmp/kf_fb_cur.raw: 3104512 bytes (24.733292ms)
2026-09-28T20:17:50Z fbdump /tmp/kf_fb_cur.raw: 3104512 bytes (24.883374ms)
2026-09-28T20:18:01Z fbdump /tmp/kf_fb_cur.raw: 3104512 bytes (26.540584ms)
2026-09-28T20:18:13Z fbdump /tmp/kf_fb_cur.raw: 3104512 bytes (24.853861ms)
2026-09-28T20:18:23Z fbdump /tmp/kf_fb_cur.raw: 3104512 bytes (24.879625ms)
2026-09-28T20:18:34Z fbdump /tmp/kf_fb_cur.raw: 3104512 bytes (24.688458ms)
2026-09-28T20:18:44Z fbdump /tmp/kf_fb_cur.raw: 3104512 bytes (25.096917ms)
2026-09-28T20:18:55Z fbdump /tmp/kf_fb_cur.raw: 3104512 bytes (24.759626ms)
2026-09-28T20:19:05Z fbdump /tmp/kf_fb_cur.raw: 3104512 bytes (25.007084ms)
2026-09-28T20:19:16Z fbdump /tmp/kf_fb_cur.raw: 3104512 bytes (25.111083ms)
2026-09-28T20:19:26Z fbdump /tmp/kf_fb_cur.raw: 3104512 bytes (25.056334ms)
2026-09-28T20:19:37Z fbdump /tmp/kf_fb_cur.raw: 3104512 bytes (24.754167ms)
2026-09-28T20:19:48Z fbdump /tmp/kf_fb_cur.raw: 3104512 bytes (24.741709ms)
2026-09-28T20:19:58Z fbdump /tmp/kf_fb_cur.raw: 3104512 bytes (24.684667ms)
2026-09-28T20:20:09Z fbdump /tmp/kf_fb_cur.raw: 3104512 bytes (24.695416ms)
2026-09-28T20:20:19Z fbdump /tmp/kf_fb_cur.raw: 3104512 bytes (24.634333ms)
2026-09-28T20:20:30Z fbdump /tmp/kf_fb_cur.raw: 3104512 bytes (25.071167ms)
2026-09-28T20:20:40Z fbdump /tmp/kf_fb_cur.raw: 3104512 bytes (24.868292ms)
2026-09-28T20:20:51Z fbdump /tmp/kf_fb_cur.raw: 3104512 bytes (24.902875ms)
2026-09-28T20:21:01Z fbdump /tmp/kf_fb_cur.raw: 3104512 bytes (24.847708ms)
2026-09-28T20:21:12Z fbdump /tmp/kf_fb_cur.raw: 3104512 bytes (24.761833ms)
2026-09-28T20:21:22Z fbdump /tmp/kf_fb_cur.raw: 3104512 bytes (24.7785ms)
2026-09-28T20:21:33Z fbdump /tmp/kf_fb_cur.raw: 3104512 bytes (25.008292ms)
2026-09-28T20:21:44Z fbdump /tmp/kf_fb_cur.raw: 3104512 bytes (24.890667ms)
2026-09-28T20:21:54Z fbdump /tmp/kf_fb_cur.raw: 3104512 bytes (24.826084ms)
2026-09-28T20:22:05Z fbdump /tmp/kf_fb_cur.raw: 3104512 bytes (25.02675ms)
2026-09-28T20:22:15Z fbdump /tmp/kf_fb_cur.raw: 3104512 bytes (24.844041ms)
2026-09-28T20:22:26Z fbdump /tmp/kf_fb_cur.raw: 3104512 bytes (24.708833ms)
2026-09-28T20:22:36Z fbdump /tmp/kf_fb_cur.raw: 3104512 bytes (25.034418ms)
2026-09-28T20:22:47Z fbdump /tmp/kf_fb_cur.raw: 3104512 bytes (24.876209ms)
2026-09-28T20:22:57Z fbdump /tmp/kf_fb_cur.raw: 3104512 bytes (24.750583ms)
2026-09-28T20:23:08Z fbdump /tmp/kf_fb_cur.raw: 3104512 bytes (24.732167ms)
2026-09-28T20:23:19Z fbdump /tmp/kf_fb_cur.raw: 3104512 bytes (24.757251ms)
2026-09-28T20:23:35Z eips rc=0 (193.864168ms)
2026-09-28T20:23:35Z fbdump /tmp/kf_fb_base.raw: 3104512 bytes (30.312292ms)
2026-09-28T20:23:36Z fbdump /tmp/kf_fb_cur.raw: 3104512 bytes (25.018125ms)
2026-09-28T20:23:47Z fbdump /tmp/kf_fb_cur.raw: 3104512 bytes (24.956375ms)
2026-09-28T20:23:57Z fbdump /tmp/kf_fb_cur.raw: 3104512 bytes (24.928ms)
2026-09-28T20:24:08Z fbdump /tmp/kf_fb_cur.raw: 3104512 bytes (25.390583ms)
2026-09-28T20:24:19Z fbdump /tmp/kf_fb_cur.raw: 3104512 bytes (24.907666ms)
2026-09-28T20:24:29Z fbdump /tmp/kf_fb_cur.raw: 3104512 bytes (24.730792ms)
2026-09-28T20:24:40Z fbdump /tmp/kf_fb_cur.raw: 3104512 bytes (24.685625ms)
2026-09-28T20:24:51Z fbdump /tmp/kf_fb_cur.raw: 3104512 bytes (24.700916ms)
2026-09-28T20:25:01Z fbdump /tmp/kf_fb_cur.raw: 3104512 bytes (24.945834ms)
2026-09-28T20:25:12Z fbdump /tmp/kf_fb_cur.raw: 3104512 bytes (24.640333ms)
2026-09-28T20:25:22Z fbdump /tmp/kf_fb_cur.raw: 3104512 bytes (24.712917ms)
2026-09-28T20:25:33Z fbdump /tmp/kf_fb_cur.raw: 3104512 bytes (24.809792ms)
2026-09-28T20:25:43Z fbdump /tmp/kf_fb_cur.raw: 3104512 bytes (24.727208ms)
2026-09-28T20:25:54Z fbdump /tmp/kf_fb_cur.raw: 3104512 bytes (29.74325ms)
2026-09-28T20:26:04Z fbdump /tmp/kf_fb_cur.raw: 3104512 bytes (24.725ms)
2026-09-28T20:26:15Z fbdump /tmp/kf_fb_cur.raw: 3104512 bytes (24.766167ms)
2026-09-28T20:26:25Z fbdump /tmp/kf_fb_cur.raw: 3104512 bytes (24.71025ms)
2026-09-28T20:26:36Z fbdump /tmp/kf_fb_cur.raw: 3104512 bytes (24.700124ms)
2026-09-28T20:26:47Z fbdump /tmp/kf_fb_cur.raw: 3104512 bytes (24.759376ms)
2026-09-28T20:26:57Z fbdump /tmp/kf_fb_cur.raw: 3104512 bytes (24.718209ms)
2026-09-28T20:27:08Z fbdump /tmp/kf_fb_cur.raw: 3104512 bytes (24.722166ms)
2026-09-28T20:27:18Z fbdump /tmp/kf_fb_cur.raw: 3104512 bytes (24.721209ms)
2026-09-28T20:27:29Z fbdump /tmp/kf_fb_cur.raw: 3104512 bytes (25.06525ms)
2026-09-28T20:27:39Z fbdump /tmp/kf_fb_cur.raw: 3104512 bytes (24.744417ms)
2026-09-28T20:27:50Z fbdump /tmp/kf_fb_cur.raw: 3104512 bytes (24.746167ms)
2026-09-28T20:28:00Z fbdump /tmp/kf_fb_cur.raw: 3104512 bytes (31.001209ms)
2026-09-28T20:28:11Z fbdump /tmp/kf_fb_cur.raw: 3104512 bytes (24.816875ms)
2026-09-28T20:28:21Z fbdump /tmp/kf_fb_cur.raw: 3104512 bytes (24.746292ms)
2026-09-28T20:28:32Z fbdump /tmp/kf_fb_cur.raw: 3104512 bytes (24.800875ms)
2026-09-28T20:28:42Z fbdump /tmp/kf_fb_cur.raw: 3104512 bytes (24.69375ms)
2026-09-28T20:28:59Z fbdump /tmp/kf_fb_cur.raw: 3104512 bytes (26.420167ms)
2026-09-28T20:29:10Z fbdump /tmp/kf_fb_cur.raw: 3104512 bytes (24.7185ms)
2026-09-28T20:29:20Z fbdump /tmp/kf_fb_cur.raw: 3104512 bytes (24.652833ms)
2026-09-28T20:29:31Z fbdump /tmp/kf_fb_cur.raw: 3104512 bytes (24.686209ms)
2026-09-28T20:29:41Z fbdump /tmp/kf_fb_cur.raw: 3104512 bytes (24.686917ms)
2026-09-28T20:29:52Z fbdump /tmp/kf_fb_cur.raw: 3104512 bytes (24.697917ms)
2026-09-28T20:30:02Z fbdump /tmp/kf_fb_cur.raw: 3104512 bytes (26.486125ms)
2026-09-28T20:30:13Z fbdump /tmp/kf_fb_cur.raw: 3104512 bytes (24.714833ms)
2026-09-28T20:30:23Z fbdump /tmp/kf_fb_cur.raw: 3104512 bytes (25.120167ms)
2026-09-28T20:30:34Z fbdump /tmp/kf_fb_cur.raw: 3104512 bytes (25.108375ms)
2026-09-28T20:30:45Z fbdump /tmp/kf_fb_cur.raw: 3104512 bytes (24.678083ms)
2026-09-28T20:30:55Z fbdump /tmp/kf_fb_cur.raw: 3104512 bytes (24.972959ms)
2026-09-28T20:31:06Z fbdump /tmp/kf_fb_cur.raw: 3104512 bytes (24.725333ms)
2026-09-28T20:31:16Z fbdump /tmp/kf_fb_cur.raw: 3104512 bytes (24.70525ms)
2026-09-28T20:31:27Z fbdump /tmp/kf_fb_cur.raw: 3104512 bytes (24.688709ms)
2026-09-28T20:31:37Z fbdump /tmp/kf_fb_cur.raw: 3104512 bytes (24.711167ms)
2026-09-28T20:31:48Z fbdump /tmp/kf_fb_cur.raw: 3104512 bytes (24.77021ms)
2026-09-28T20:31:58Z fbdump /tmp/kf_fb_cur.raw: 3104512 bytes (24.777292ms)
2026-09-28T20:32:09Z fbdump /tmp/kf_fb_cur.raw: 3104512 bytes (26.956251ms)
2026-09-28T20:32:20Z fbdump /tmp/kf_fb_cur.raw: 3104512 bytes (25.293458ms)
2026-09-28T20:32:30Z fbdump /tmp/kf_fb_cur.raw: 3104512 bytes (25.028167ms)
2026-09-28T20:32:41Z fbdump /tmp/kf_fb_cur.raw: 3104512 bytes (25.000625ms)
2026-09-28T20:32:51Z fbdump /tmp/kf_fb_cur.raw: 3104512 bytes (24.737001ms)
2026-09-28T20:33:02Z fbdump /tmp/kf_fb_cur.raw: 3104512 bytes (25.231125ms)
2026-09-28T20:33:12Z fbdump /tmp/kf_fb_cur.raw: 3104512 bytes (25.07375ms)
2026-09-28T20:33:23Z fbdump /tmp/kf_fb_cur.raw: 3104512 bytes (24.734333ms)
2026-09-28T20:33:33Z fbdump /tmp/kf_fb_cur.raw: 3104512 bytes (24.723625ms)
2026-09-28T20:33:44Z fbdump /tmp/kf_fb_cur.raw: 3104512 bytes (24.981334ms)
2026-09-28T20:33:54Z fbdump /tmp/kf_fb_cur.raw: 3104512 bytes (24.951958ms)
2026-09-28T20:34:05Z fbdump /tmp/kf_fb_cur.raw: 3104512 bytes (24.999916ms)
2026-09-28T20:34:22Z fbdump /tmp/kf_fb_cur.raw: 3104512 bytes (24.931375ms)
2026-09-28T20:34:32Z fbdump /tmp/kf_fb_cur.raw: 3104512 bytes (24.968375ms)
2026-09-28T20:34:43Z fbdump /tmp/kf_fb_cur.raw: 3104512 bytes (24.999167ms)
2026-09-28T20:34:53Z fbdump /tmp/kf_fb_cur.raw: 3104512 bytes (24.665125ms)
2026-09-28T20:35:04Z fbdump /tmp/kf_fb_cur.raw: 3104512 bytes (24.953041ms)
2026-09-28T20:35:14Z fbdump /tmp/kf_fb_cur.raw: 3104512 bytes (25.325959ms)
2026-09-28T20:35:25Z fbdump /tmp/kf_fb_cur.raw: 3104512 bytes (24.973001ms)
2026-09-28T20:35:35Z fbdump /tmp/kf_fb_cur.raw: 3104512 bytes (24.773709ms)
2026-09-28T20:35:46Z fbdump /tmp/kf_fb_cur.raw: 3104512 bytes (24.874083ms)
2026-09-28T20:35:57Z fbdump /tmp/kf_fb_cur.raw: 3104512 bytes (24.981751ms)
2026-09-28T20:36:07Z fbdump /tmp/kf_fb_cur.raw: 3104512 bytes (24.971042ms)
2026-09-28T20:36:18Z fbdump /tmp/kf_fb_cur.raw: 3104512 bytes (24.935459ms)
2026-09-28T20:36:28Z fbdump /tmp/kf_fb_cur.raw: 3104512 bytes (24.92075ms)
2026-09-28T20:36:39Z fbdump /tmp/kf_fb_cur.raw: 3104512 bytes (25.021041ms)
2026-09-28T20:36:49Z fbdump /tmp/kf_fb_cur.raw: 3104512 bytes (24.980709ms)
2026-09-28T20:37:00Z fbdump /tmp/kf_fb_cur.raw: 3104512 bytes (25.034292ms)
2026-09-28T20:37:10Z fbdump /tmp/kf_fb_cur.raw: 3104512 bytes (24.995ms)
2026-09-28T20:37:21Z fbdump /tmp/kf_fb_cur.raw: 3104512 bytes (25.047625ms)
2026-09-28T20:37:31Z fbdump /tmp/kf_fb_cur.raw: 3104512 bytes (24.990917ms)
2026-09-28T20:37:42Z fbdump /tmp/kf_fb_cur.raw: 3104512 bytes (24.973958ms)
2026-09-28T20:37:52Z fbdump /tmp/kf_fb_cur.raw: 3104512 bytes (24.977084ms)
2026-09-28T20:38:03Z fbdump /tmp/kf_fb_cur.raw: 3104512 bytes (24.952709ms)
2026-09-28T20:38:14Z fbdump /tmp/kf_fb_cur.raw: 3104512 bytes (24.629664ms)
2026-09-28T20:38:24Z fbdump /tmp/kf_fb_cur.raw: 3104512 bytes (24.699875ms)
2026-09-28T20:38:35Z fbdump /tmp/kf_fb_cur.raw: 3104512 bytes (24.719001ms)
2026-09-28T20:38:45Z fbdump /tmp/kf_fb_cur.raw: 3104512 bytes (24.720125ms)
2026-09-28T20:38:56Z fbdump /tmp/kf_fb_cur.raw: 3104512 bytes (24.716958ms)
2026-09-28T20:39:06Z fbdump /tmp/kf_fb_cur.raw: 3104512 bytes (24.953626ms)
2026-09-28T20:39:17Z fbdump /tmp/kf_fb_cur.raw: 3104512 bytes (24.6695ms)
2026-09-28T20:39:27Z fbdump /tmp/kf_fb_cur.raw: 3104512 bytes (24.979667ms)
2026-09-28T20:39:44Z fbdump /tmp/kf_fb_cur.raw: 3104512 bytes (24.73975ms)
2026-09-28T20:39:55Z fbdump /tmp/kf_fb_cur.raw: 3104512 bytes (24.943208ms)
2026-09-28T20:40:05Z fbdump /tmp/kf_fb_cur.raw: 3104512 bytes (24.705501ms)
2026-09-28T20:40:16Z fbdump /tmp/kf_fb_cur.raw: 3104512 bytes (25.676542ms)
2026-09-28T20:40:26Z fbdump /tmp/kf_fb_cur.raw: 3104512 bytes (24.701875ms)
2026-09-28T20:40:37Z fbdump /tmp/kf_fb_cur.raw: 3104512 bytes (24.708042ms)
2026-09-28T20:40:47Z fbdump /tmp/kf_fb_cur.raw: 3104512 bytes (24.737ms)
2026-09-28T20:40:58Z fbdump /tmp/kf_fb_cur.raw: 3104512 bytes (24.967459ms)
2026-09-28T20:41:08Z fbdump /tmp/kf_fb_cur.raw: 3104512 bytes (24.7125ms)
2026-09-28T20:41:19Z fbdump /tmp/kf_fb_cur.raw: 3104512 bytes (24.750876ms)
2026-09-28T20:41:29Z fbdump /tmp/kf_fb_cur.raw: 3104512 bytes (24.762709ms)
2026-09-28T20:41:40Z fbdump /tmp/kf_fb_cur.raw: 3104512 bytes (24.778959ms)
2026-09-28T20:41:51Z fbdump /tmp/kf_fb_cur.raw: 3104512 bytes (24.833292ms)
2026-09-28T20:42:01Z fbdump /tmp/kf_fb_cur.raw: 3104512 bytes (25.255958ms)
2026-09-28T20:42:12Z fbdump /tmp/kf_fb_cur.raw: 3104512 bytes (24.984584ms)
2026-09-28T20:42:22Z fbdump /tmp/kf_fb_cur.raw: 3104512 bytes (24.634541ms)
2026-09-28T20:42:33Z fbdump /tmp/kf_fb_cur.raw: 3104512 bytes (24.756251ms)
2026-09-28T20:42:43Z fbdump /tmp/kf_fb_cur.raw: 3104512 bytes (24.661166ms)
2026-09-28T20:42:54Z fbdump /tmp/kf_fb_cur.raw: 3104512 bytes (24.748375ms)
2026-09-28T20:43:04Z fbdump /tmp/kf_fb_cur.raw: 3104512 bytes (24.720042ms)
2026-09-28T20:43:15Z fbdump /tmp/kf_fb_cur.raw: 3104512 bytes (24.977417ms)
2026-09-28T20:43:25Z fbdump /tmp/kf_fb_cur.raw: 3104512 bytes (24.693542ms)
2026-09-28T20:43:36Z fbdump /tmp/kf_fb_cur.raw: 3104512 bytes (25.038042ms)
2026-09-28T20:43:47Z fbdump /tmp/kf_fb_cur.raw: 3104512 bytes (24.776751ms)
2026-09-28T20:43:57Z fbdump /tmp/kf_fb_cur.raw: 3104512 bytes (24.811043ms)
2026-09-28T20:44:08Z fbdump /tmp/kf_fb_cur.raw: 3104512 bytes (24.606583ms)
2026-09-28T20:44:18Z fbdump /tmp/kf_fb_cur.raw: 3104512 bytes (24.790417ms)
2026-09-28T20:44:29Z fbdump /tmp/kf_fb_cur.raw: 3104512 bytes (24.750751ms)
2026-09-28T20:44:39Z fbdump /tmp/kf_fb_cur.raw: 3104512 bytes (24.694709ms)
2026-09-28T20:44:50Z fbdump /tmp/kf_fb_cur.raw: 3104512 bytes (24.744751ms)
2026-09-28T20:45:07Z fbdump /tmp/kf_fb_cur.raw: 3104512 bytes (24.691333ms)
2026-09-28T20:45:18Z fbdump /tmp/kf_fb_cur.raw: 3104512 bytes (25.11125ms)
2026-09-28T20:45:28Z fbdump /tmp/kf_fb_cur.raw: 3104512 bytes (25.029375ms)
2026-09-28T20:45:39Z fbdump /tmp/kf_fb_cur.raw: 3104512 bytes (24.986542ms)
2026-09-28T20:45:49Z fbdump /tmp/kf_fb_cur.raw: 3104512 bytes (24.971541ms)
2026-09-28T20:46:00Z fbdump /tmp/kf_fb_cur.raw: 3104512 bytes (25.000375ms)
2026-09-28T20:46:10Z fbdump /tmp/kf_fb_cur.raw: 3104512 bytes (24.730584ms)
2026-09-28T20:46:21Z fbdump /tmp/kf_fb_cur.raw: 3104512 bytes (24.772251ms)
2026-09-28T20:46:31Z fbdump /tmp/kf_fb_cur.raw: 3104512 bytes (24.804791ms)
2026-09-28T20:46:42Z fbdump /tmp/kf_fb_cur.raw: 3104512 bytes (24.723208ms)
2026-09-28T20:46:53Z fbdump /tmp/kf_fb_cur.raw: 3104512 bytes (24.754542ms)
2026-09-28T20:47:03Z fbdump /tmp/kf_fb_cur.raw: 3104512 bytes (24.729667ms)
2026-09-28T20:47:14Z fbdump /tmp/kf_fb_cur.raw: 3104512 bytes (24.989584ms)
2026-09-28T20:47:24Z fbdump /tmp/kf_fb_cur.raw: 3104512 bytes (24.758376ms)
2026-09-28T20:47:35Z fbdump /tmp/kf_fb_cur.raw: 3104512 bytes (24.826626ms)
2026-09-28T20:47:45Z fbdump /tmp/kf_fb_cur.raw: 3104512 bytes (24.753708ms)
2026-09-28T20:47:56Z fbdump /tmp/kf_fb_cur.raw: 3104512 bytes (24.699542ms)
2026-09-28T20:48:06Z fbdump /tmp/kf_fb_cur.raw: 3104512 bytes (24.745959ms)
2026-09-28T20:48:17Z fbdump /tmp/kf_fb_cur.raw: 3104512 bytes (24.708958ms)
2026-09-28T20:48:27Z fbdump /tmp/kf_fb_cur.raw: 3104512 bytes (24.775209ms)
2026-09-28T20:48:38Z fbdump /tmp/kf_fb_cur.raw: 3104512 bytes (24.728209ms)
2026-09-28T20:48:48Z fbdump /tmp/kf_fb_cur.raw: 3104512 bytes (24.717459ms)
2026-09-28T20:48:59Z fbdump /tmp/kf_fb_cur.raw: 3104512 bytes (24.739334ms)
2026-09-28T20:49:10Z fbdump /tmp/kf_fb_cur.raw: 3104512 bytes (24.723251ms)
2026-09-28T20:49:20Z fbdump /tmp/kf_fb_cur.raw: 3104512 bytes (24.714708ms)
2026-09-28T20:49:31Z fbdump /tmp/kf_fb_cur.raw: 3104512 bytes (25.007792ms)
2026-09-28T20:49:41Z fbdump /tmp/kf_fb_cur.raw: 3104512 bytes (24.761167ms)
2026-09-28T20:49:52Z fbdump /tmp/kf_fb_cur.raw: 3104512 bytes (24.684292ms)
2026-09-28T20:50:02Z fbdump /tmp/kf_fb_cur.raw: 3104512 bytes (24.648208ms)
2026-09-28T20:50:13Z fbdump /tmp/kf_fb_cur.raw: 3104512 bytes (24.711042ms)
2026-09-28T20:50:30Z fbdump /tmp/kf_fb_cur.raw: 3104512 bytes (24.693416ms)
2026-09-28T20:50:40Z fbdump /tmp/kf_fb_cur.raw: 3104512 bytes (24.782626ms)
2026-09-28T20:50:51Z fbdump /tmp/kf_fb_cur.raw: 3104512 bytes (24.822834ms)
2026-09-28T20:51:01Z fbdump /tmp/kf_fb_cur.raw: 3104512 bytes (25.08875ms)
2026-09-28T20:51:12Z fbdump /tmp/kf_fb_cur.raw: 3104512 bytes (25.032126ms)
2026-09-28T20:51:22Z fbdump /tmp/kf_fb_cur.raw: 3104512 bytes (25.008542ms)
2026-09-28T20:51:33Z fbdump /tmp/kf_fb_cur.raw: 3104512 bytes (25.0165ms)
2026-09-28T20:51:43Z fbdump /tmp/kf_fb_cur.raw: 3104512 bytes (24.913916ms)
2026-09-28T20:51:54Z fbdump /tmp/kf_fb_cur.raw: 3104512 bytes (24.992ms)
2026-09-28T20:52:04Z fbdump /tmp/kf_fb_cur.raw: 3104512 bytes (24.748417ms)
2026-09-28T20:52:15Z fbdump /tmp/kf_fb_cur.raw: 3104512 bytes (24.767458ms)
2026-09-28T20:52:25Z fbdump /tmp/kf_fb_cur.raw: 3104512 bytes (24.780708ms)
2026-09-28T20:52:36Z fbdump /tmp/kf_fb_cur.raw: 3104512 bytes (24.776917ms)
2026-09-28T20:52:47Z fbdump /tmp/kf_fb_cur.raw: 3104512 bytes (24.744917ms)
2026-09-28T20:52:57Z fbdump /tmp/kf_fb_cur.raw: 3104512 bytes (25.010042ms)
2026-09-28T20:53:08Z fbdump /tmp/kf_fb_cur.raw: 3104512 bytes (24.998166ms)
2026-09-28T20:53:18Z fbdump /tmp/kf_fb_cur.raw: 3104512 bytes (24.984958ms)
2026-09-28T20:53:29Z fbdump /tmp/kf_fb_cur.raw: 3104512 bytes (25.016292ms)
2026-09-28T20:53:39Z fbdump /tmp/kf_fb_cur.raw: 3104512 bytes (24.980875ms)
2026-09-28T20:53:50Z fbdump /tmp/kf_fb_cur.raw: 3104512 bytes (25.01025ms)
2026-09-28T20:54:00Z fbdump /tmp/kf_fb_cur.raw: 3104512 bytes (31.57075ms)
2026-09-28T20:54:11Z fbdump /tmp/kf_fb_cur.raw: 3104512 bytes (24.966709ms)
2026-09-28T20:54:21Z fbdump /tmp/kf_fb_cur.raw: 3104512 bytes (24.999459ms)
2026-09-28T20:54:32Z fbdump /tmp/kf_fb_cur.raw: 3104512 bytes (24.966709ms)
2026-09-28T20:54:43Z fbdump /tmp/kf_fb_cur.raw: 3104512 bytes (25.02075ms)
2026-09-28T20:54:53Z fbdump /tmp/kf_fb_cur.raw: 3104512 bytes (25.003542ms)
2026-09-28T20:55:04Z fbdump /tmp/kf_fb_cur.raw: 3104512 bytes (25.297792ms)
2026-09-28T20:55:14Z fbdump /tmp/kf_fb_cur.raw: 3104512 bytes (25.033583ms)
2026-09-28T20:55:25Z fbdump /tmp/kf_fb_cur.raw: 3104512 bytes (24.990084ms)
2026-09-28T20:55:35Z fbdump /tmp/kf_fb_cur.raw: 3104512 bytes (25.027791ms)
2026-09-28T20:55:52Z fbdump /tmp/kf_fb_cur.raw: 3104512 bytes (25.036042ms)
2026-09-28T20:56:02Z fbdump /tmp/kf_fb_cur.raw: 3104512 bytes (24.985833ms)
2026-09-28T20:56:13Z fbdump /tmp/kf_fb_cur.raw: 3104512 bytes (24.976792ms)
2026-09-28T20:56:23Z fbdump /tmp/kf_fb_cur.raw: 3104512 bytes (25.044333ms)
2026-09-28T20:56:34Z fbdump /tmp/kf_fb_cur.raw: 3104512 bytes (24.985083ms)
2026-09-28T20:56:44Z fbdump /tmp/kf_fb_cur.raw: 3104512 bytes (25.003916ms)
2026-09-28T20:56:55Z fbdump /tmp/kf_fb_cur.raw: 3104512 bytes (25.028584ms)
2026-09-28T20:57:06Z fbdump /tmp/kf_fb_cur.raw: 3104512 bytes (25.001541ms)
2026-09-28T20:57:16Z fbdump /tmp/kf_fb_cur.raw: 3104512 bytes (24.656541ms)
2026-09-28T20:57:27Z fbdump /tmp/kf_fb_cur.raw: 3104512 bytes (24.709208ms)
2026-09-28T20:57:37Z fbdump /tmp/kf_fb_cur.raw: 3104512 bytes (24.7535ms)
2026-09-28T20:57:48Z fbdump /tmp/kf_fb_cur.raw: 3104512 bytes (24.714251ms)
2026-09-28T20:57:58Z fbdump /tmp/kf_fb_cur.raw: 3104512 bytes (24.760458ms)
2026-09-28T20:58:09Z fbdump /tmp/kf_fb_cur.raw: 3104512 bytes (24.7465ms)
2026-09-28T20:58:19Z fbdump /tmp/kf_fb_cur.raw: 3104512 bytes (24.937958ms)
2026-09-28T20:58:30Z fbdump /tmp/kf_fb_cur.raw: 3104512 bytes (24.977958ms)
2026-09-28T20:58:41Z fbdump /tmp/kf_fb_cur.raw: 3104512 bytes (25.021584ms)
2026-09-28T20:58:51Z fbdump /tmp/kf_fb_cur.raw: 3104512 bytes (24.988208ms)
2026-09-28T20:59:02Z fbdump /tmp/kf_fb_cur.raw: 3104512 bytes (25.281125ms)
2026-09-28T20:59:12Z fbdump /tmp/kf_fb_cur.raw: 3104512 bytes (24.965416ms)
2026-09-28T20:59:23Z fbdump /tmp/kf_fb_cur.raw: 3104512 bytes (24.858834ms)
2026-09-28T20:59:33Z fbdump /tmp/kf_fb_cur.raw: 3104512 bytes (24.970167ms)
2026-09-28T20:59:44Z fbdump /tmp/kf_fb_cur.raw: 3104512 bytes (25.0175ms)
2026-09-28T20:59:54Z fbdump /tmp/kf_fb_cur.raw: 3104512 bytes (24.970667ms)
2026-09-28T21:00:05Z fbdump /tmp/kf_fb_cur.raw: 3104512 bytes (24.7385ms)
2026-09-28T21:00:16Z fbdump /tmp/kf_fb_cur.raw: 3104512 bytes (24.789042ms)
2026-09-28T21:00:26Z fbdump /tmp/kf_fb_cur.raw: 3104512 bytes (24.735791ms)
2026-09-28T21:00:37Z fbdump /tmp/kf_fb_cur.raw: 3104512 bytes (24.822375ms)
2026-09-28T21:00:47Z fbdump /tmp/kf_fb_cur.raw: 3104512 bytes (24.820958ms)
2026-09-28T21:00:58Z fbdump /tmp/kf_fb_cur.raw: 3104512 bytes (24.62875ms)
2026-09-28T21:01:15Z fbdump /tmp/kf_fb_cur.raw: 3104512 bytes (24.74425ms)
2026-09-28T21:01:25Z fbdump /tmp/kf_fb_cur.raw: 3104512 bytes (24.734375ms)
2026-09-28T21:01:36Z fbdump /tmp/kf_fb_cur.raw: 3104512 bytes (24.690874ms)
2026-09-28T21:01:46Z fbdump /tmp/kf_fb_cur.raw: 3104512 bytes (24.943ms)
2026-09-28T21:01:57Z fbdump /tmp/kf_fb_cur.raw: 3104512 bytes (24.979875ms)
2026-09-28T21:02:07Z fbdump /tmp/kf_fb_cur.raw: 3104512 bytes (25.519501ms)
2026-09-28T21:02:18Z fbdump /tmp/kf_fb_cur.raw: 3104512 bytes (24.738418ms)
2026-09-28T21:02:29Z fbdump /tmp/kf_fb_cur.raw: 3104512 bytes (24.968458ms)
2026-09-28T21:02:39Z fbdump /tmp/kf_fb_cur.raw: 3104512 bytes (25.19425ms)
2026-09-28T21:02:50Z fbdump /tmp/kf_fb_cur.raw: 3104512 bytes (24.766417ms)
2026-09-28T21:03:00Z fbdump /tmp/kf_fb_cur.raw: 3104512 bytes (25.060708ms)
2026-09-28T21:03:11Z fbdump /tmp/kf_fb_cur.raw: 3104512 bytes (24.787792ms)
2026-09-28T21:03:21Z fbdump /tmp/kf_fb_cur.raw: 3104512 bytes (24.954541ms)
2026-09-28T21:03:32Z fbdump /tmp/kf_fb_cur.raw: 3104512 bytes (25.001375ms)
2026-09-28T21:03:42Z fbdump /tmp/kf_fb_cur.raw: 3104512 bytes (25.000626ms)
2026-09-28T21:03:53Z fbdump /tmp/kf_fb_cur.raw: 3104512 bytes (24.705084ms)
2026-09-28T21:04:03Z fbdump /tmp/kf_fb_cur.raw: 3104512 bytes (25.058ms)
2026-09-28T21:04:14Z fbdump /tmp/kf_fb_cur.raw: 3104512 bytes (25.010792ms)
2026-09-28T21:04:24Z fbdump /tmp/kf_fb_cur.raw: 3104512 bytes (25.048292ms)
2026-09-28T21:04:35Z fbdump /tmp/kf_fb_cur.raw: 3104512 bytes (25.022959ms)
2026-09-28T21:04:46Z fbdump /tmp/kf_fb_cur.raw: 3104512 bytes (24.935958ms)
2026-09-28T21:04:56Z fbdump /tmp/kf_fb_cur.raw: 3104512 bytes (25.062459ms)
2026-09-28T21:05:07Z fbdump /tmp/kf_fb_cur.raw: 3104512 bytes (25.003375ms)
2026-09-28T21:05:17Z fbdump /tmp/kf_fb_cur.raw: 3104512 bytes (24.89625ms)
2026-09-28T21:05:28Z fbdump /tmp/kf_fb_cur.raw: 3104512 bytes (24.9585ms)
2026-09-28T21:05:38Z fbdump /tmp/kf_fb_cur.raw: 3104512 bytes (28.768958ms)
2026-09-28T21:05:49Z fbdump /tmp/kf_fb_cur.raw: 3104512 bytes (24.669834ms)
2026-09-28T21:05:59Z fbdump /tmp/kf_fb_cur.raw: 3104512 bytes (24.7195ms)
2026-09-28T21:06:10Z fbdump /tmp/kf_fb_cur.raw: 3104512 bytes (24.695083ms)
2026-09-28T21:06:21Z fbdump /tmp/kf_fb_cur.raw: 3104512 bytes (24.707416ms)
2026-09-28T21:06:37Z fbdump /tmp/kf_fb_cur.raw: 3104512 bytes (24.640916ms)
2026-09-28T21:06:48Z fbdump /tmp/kf_fb_cur.raw: 3104512 bytes (25.064083ms)
2026-09-28T21:06:58Z fbdump /tmp/kf_fb_cur.raw: 3104512 bytes (25.027792ms)
2026-09-28T21:07:09Z fbdump /tmp/kf_fb_cur.raw: 3104512 bytes (24.965708ms)
2026-09-28T21:07:19Z fbdump /tmp/kf_fb_cur.raw: 3104512 bytes (24.691834ms)
2026-09-28T21:07:30Z fbdump /tmp/kf_fb_cur.raw: 3104512 bytes (25.014083ms)
2026-09-28T21:07:40Z fbdump /tmp/kf_fb_cur.raw: 3104512 bytes (24.979917ms)
2026-09-28T21:07:51Z fbdump /tmp/kf_fb_cur.raw: 3104512 bytes (25.033209ms)
2026-09-28T21:08:01Z fbdump /tmp/kf_fb_cur.raw: 3104512 bytes (25.758208ms)
2026-09-28T21:08:12Z fbdump /tmp/kf_fb_cur.raw: 3104512 bytes (24.994792ms)
2026-09-28T21:08:22Z fbdump /tmp/kf_fb_cur.raw: 3104512 bytes (25.027001ms)
2026-09-28T21:08:33Z fbdump /tmp/kf_fb_cur.raw: 3104512 bytes (24.990125ms)
2026-09-28T21:08:44Z fbdump /tmp/kf_fb_cur.raw: 3104512 bytes (25.247249ms)
2026-09-28T21:08:54Z fbdump /tmp/kf_fb_cur.raw: 3104512 bytes (24.946ms)
2026-09-28T21:09:05Z fbdump /tmp/kf_fb_cur.raw: 3104512 bytes (24.947292ms)
2026-09-28T21:09:15Z fbdump /tmp/kf_fb_cur.raw: 3104512 bytes (25.034334ms)
2026-09-28T21:09:26Z fbdump /tmp/kf_fb_cur.raw: 3104512 bytes (25.055209ms)
2026-09-28T21:09:36Z fbdump /tmp/kf_fb_cur.raw: 3104512 bytes (25.014917ms)
2026-09-28T21:09:47Z fbdump /tmp/kf_fb_cur.raw: 3104512 bytes (25.004583ms)
2026-09-28T21:09:57Z fbdump /tmp/kf_fb_cur.raw: 3104512 bytes (25.029917ms)
2026-09-28T21:10:08Z fbdump /tmp/kf_fb_cur.raw: 3104512 bytes (25.926626ms)
2026-09-28T21:10:19Z fbdump /tmp/kf_fb_cur.raw: 3104512 bytes (25.005417ms)
2026-09-28T21:10:29Z fbdump /tmp/kf_fb_cur.raw: 3104512 bytes (25.026876ms)
2026-09-28T21:10:40Z fbdump /tmp/kf_fb_cur.raw: 3104512 bytes (24.914791ms)
2026-09-28T21:10:50Z fbdump /tmp/kf_fb_cur.raw: 3104512 bytes (25.062959ms)
2026-09-28T21:11:01Z fbdump /tmp/kf_fb_cur.raw: 3104512 bytes (26.459375ms)
2026-09-28T21:11:11Z fbdump /tmp/kf_fb_cur.raw: 3104512 bytes (24.923417ms)
2026-09-28T21:11:22Z fbdump /tmp/kf_fb_cur.raw: 3104512 bytes (25.028542ms)
2026-09-28T21:11:32Z fbdump /tmp/kf_fb_cur.raw: 3104512 bytes (25.00725ms)
2026-09-28T21:11:43Z fbdump /tmp/kf_fb_cur.raw: 3104512 bytes (25.005584ms)
2026-09-28T21:11:59Z fbdump /tmp/kf_fb_cur.raw: 3104512 bytes (24.698834ms)
2026-09-28T21:12:10Z fbdump /tmp/kf_fb_cur.raw: 3104512 bytes (25.028333ms)
2026-09-28T21:12:21Z fbdump /tmp/kf_fb_cur.raw: 3104512 bytes (25.002251ms)
2026-09-28T21:12:31Z fbdump /tmp/kf_fb_cur.raw: 3104512 bytes (24.949042ms)
2026-09-28T21:12:42Z fbdump /tmp/kf_fb_cur.raw: 3104512 bytes (25.539459ms)
2026-09-28T21:12:52Z fbdump /tmp/kf_fb_cur.raw: 3104512 bytes (24.980666ms)
2026-09-28T21:13:03Z fbdump /tmp/kf_fb_cur.raw: 3104512 bytes (24.965459ms)
2026-09-28T21:13:13Z fbdump /tmp/kf_fb_cur.raw: 3104512 bytes (24.959208ms)
2026-09-28T21:13:24Z fbdump /tmp/kf_fb_cur.raw: 3104512 bytes (24.978375ms)
2026-09-28T21:13:34Z fbdump /tmp/kf_fb_cur.raw: 3104512 bytes (25.013209ms)
2026-09-28T21:13:45Z fbdump /tmp/kf_fb_cur.raw: 3104512 bytes (25.000876ms)
2026-09-28T21:13:55Z fbdump /tmp/kf_fb_cur.raw: 3104512 bytes (25.00975ms)
2026-09-28T21:14:06Z fbdump /tmp/kf_fb_cur.raw: 3104512 bytes (24.917875ms)
2026-09-28T21:14:17Z fbdump /tmp/kf_fb_cur.raw: 3104512 bytes (24.969666ms)
2026-09-28T21:14:27Z fbdump /tmp/kf_fb_cur.raw: 3104512 bytes (24.996917ms)
2026-09-28T21:14:38Z fbdump /tmp/kf_fb_cur.raw: 3104512 bytes (24.982542ms)
2026-09-28T21:14:48Z fbdump /tmp/kf_fb_cur.raw: 3104512 bytes (25.021876ms)
2026-09-28T21:14:59Z fbdump /tmp/kf_fb_cur.raw: 3104512 bytes (24.977834ms)
2026-09-28T21:15:09Z fbdump /tmp/kf_fb_cur.raw: 3104512 bytes (24.791542ms)
2026-09-28T21:15:20Z fbdump /tmp/kf_fb_cur.raw: 3104512 bytes (24.931625ms)
2026-09-28T21:15:30Z fbdump /tmp/kf_fb_cur.raw: 3104512 bytes (24.997251ms)
2026-09-28T21:15:41Z fbdump /tmp/kf_fb_cur.raw: 3104512 bytes (25.312917ms)
2026-09-28T21:15:51Z fbdump /tmp/kf_fb_cur.raw: 3104512 bytes (25.37925ms)
2026-09-28T21:16:02Z fbdump /tmp/kf_fb_cur.raw: 3104512 bytes (25.372917ms)
2026-09-28T21:16:13Z fbdump /tmp/kf_fb_cur.raw: 3104512 bytes (24.946499ms)
2026-09-28T21:16:23Z fbdump /tmp/kf_fb_cur.raw: 3104512 bytes (24.923ms)
2026-09-28T21:16:34Z fbdump /tmp/kf_fb_cur.raw: 3104512 bytes (24.979251ms)
2026-09-28T21:16:44Z fbdump /tmp/kf_fb_cur.raw: 3104512 bytes (25.05625ms)
2026-09-28T21:16:55Z fbdump /tmp/kf_fb_cur.raw: 3104512 bytes (25.039042ms)
2026-09-28T21:17:05Z fbdump /tmp/kf_fb_cur.raw: 3104512 bytes (24.999ms)
2026-09-28T21:17:22Z eips rc=0 (186.086084ms)
2026-09-28T21:17:22Z fbdump /tmp/kf_fb_base.raw: 3104512 bytes (30.175875ms)
2026-09-28T21:17:23Z fbdump /tmp/kf_fb_cur.raw: 3104512 bytes (24.662916ms)
2026-09-28T21:17:34Z fbdump /tmp/kf_fb_cur.raw: 3104512 bytes (24.691958ms)
2026-09-28T21:17:44Z fbdump /tmp/kf_fb_cur.raw: 3104512 bytes (24.735041ms)
2026-09-28T21:17:55Z fbdump /tmp/kf_fb_cur.raw: 3104512 bytes (24.619542ms)
2026-09-28T21:18:06Z fbdump /tmp/kf_fb_cur.raw: 3104512 bytes (24.735334ms)
2026-09-28T21:18:17Z fbdump /tmp/kf_fb_cur.raw: 3104512 bytes (24.746875ms)
2026-09-28T21:18:27Z fbdump /tmp/kf_fb_cur.raw: 3104512 bytes (24.691916ms)
2026-09-28T21:18:38Z fbdump /tmp/kf_fb_cur.raw: 3104512 bytes (24.774125ms)
2026-09-28T21:18:48Z fbdump /tmp/kf_fb_cur.raw: 3104512 bytes (24.748375ms)
2026-09-28T21:18:59Z fbdump /tmp/kf_fb_cur.raw: 3104512 bytes (24.687584ms)
2026-09-28T21:19:09Z fbdump /tmp/kf_fb_cur.raw: 3104512 bytes (25.073041ms)
2026-09-28T21:19:20Z fbdump /tmp/kf_fb_cur.raw: 3104512 bytes (24.768001ms)
2026-09-28T21:19:30Z fbdump /tmp/kf_fb_cur.raw: 3104512 bytes (24.779292ms)
2026-09-28T21:19:41Z fbdump /tmp/kf_fb_cur.raw: 3104512 bytes (24.6815ms)
2026-09-28T21:19:51Z fbdump /tmp/kf_fb_cur.raw: 3104512 bytes (24.724125ms)
2026-09-28T21:20:02Z fbdump /tmp/kf_fb_cur.raw: 3104512 bytes (25.135875ms)
2026-09-28T21:20:13Z fbdump /tmp/kf_fb_cur.raw: 3104512 bytes (24.768958ms)
2026-09-28T21:20:23Z fbdump /tmp/kf_fb_cur.raw: 3104512 bytes (24.747625ms)
2026-09-28T21:20:34Z fbdump /tmp/kf_fb_cur.raw: 3104512 bytes (24.818292ms)
2026-09-28T21:20:44Z fbdump /tmp/kf_fb_cur.raw: 3104512 bytes (24.769ms)
2026-09-28T21:20:55Z fbdump /tmp/kf_fb_cur.raw: 3104512 bytes (24.750334ms)
2026-09-28T21:21:05Z fbdump /tmp/kf_fb_cur.raw: 3104512 bytes (24.789625ms)
2026-09-28T21:21:16Z fbdump /tmp/kf_fb_cur.raw: 3104512 bytes (24.77975ms)
2026-09-28T21:21:26Z fbdump /tmp/kf_fb_cur.raw: 3104512 bytes (24.7315ms)
2026-09-28T21:21:37Z fbdump /tmp/kf_fb_cur.raw: 3104512 bytes (24.783667ms)
2026-09-28T21:21:47Z fbdump /tmp/kf_fb_cur.raw: 3104512 bytes (24.769167ms)
2026-09-28T21:21:58Z fbdump /tmp/kf_fb_cur.raw: 3104512 bytes (24.707ms)
2026-09-28T21:22:08Z fbdump /tmp/kf_fb_cur.raw: 3104512 bytes (24.729833ms)
2026-09-28T21:22:19Z fbdump /tmp/kf_fb_cur.raw: 3104512 bytes (25.317042ms)
2026-09-28T21:22:30Z fbdump /tmp/kf_fb_cur.raw: 3104512 bytes (25.004459ms)
2026-09-28T21:22:46Z eips rc=0 (187.898083ms)
2026-09-28T21:22:46Z fbdump /tmp/kf_fb_base.raw: 3104512 bytes (30.311333ms)
2026-09-28T21:22:47Z fbdump /tmp/kf_fb_cur.raw: 3104512 bytes (24.719792ms)
2026-09-28T21:22:57Z fbdump /tmp/kf_fb_cur.raw: 3104512 bytes (24.6825ms)
2026-09-28T21:23:08Z fbdump /tmp/kf_fb_cur.raw: 3104512 bytes (24.760958ms)
2026-09-28T21:23:19Z fbdump /tmp/kf_fb_cur.raw: 3104512 bytes (24.683124ms)
2026-09-28T21:23:30Z fbdump /tmp/kf_fb_cur.raw: 3104512 bytes (24.6695ms)
2026-09-28T21:23:40Z fbdump /tmp/kf_fb_cur.raw: 3104512 bytes (24.789625ms)
2026-09-28T21:23:51Z fbdump /tmp/kf_fb_cur.raw: 3104512 bytes (24.702875ms)
2026-09-28T21:24:01Z fbdump /tmp/kf_fb_cur.raw: 3104512 bytes (24.936875ms)
2026-09-28T21:24:12Z fbdump /tmp/kf_fb_cur.raw: 3104512 bytes (24.723458ms)
2026-09-28T21:24:22Z fbdump /tmp/kf_fb_cur.raw: 3104512 bytes (24.676209ms)
2026-09-28T21:24:33Z fbdump /tmp/kf_fb_cur.raw: 3104512 bytes (24.732292ms)
2026-09-28T21:24:43Z fbdump /tmp/kf_fb_cur.raw: 3104512 bytes (26.426958ms)
2026-09-28T21:24:54Z fbdump /tmp/kf_fb_cur.raw: 3104512 bytes (24.758251ms)
2026-09-28T21:25:04Z fbdump /tmp/kf_fb_cur.raw: 3104512 bytes (24.722ms)
2026-09-28T21:25:15Z fbdump /tmp/kf_fb_cur.raw: 3104512 bytes (24.744458ms)
2026-09-28T21:25:25Z fbdump /tmp/kf_fb_cur.raw: 3104512 bytes (24.692167ms)
2026-09-28T21:25:36Z fbdump /tmp/kf_fb_cur.raw: 3104512 bytes (24.810208ms)
2026-09-28T21:25:47Z fbdump /tmp/kf_fb_cur.raw: 3104512 bytes (24.717126ms)
2026-09-28T21:25:57Z fbdump /tmp/kf_fb_cur.raw: 3104512 bytes (24.686125ms)
2026-09-28T21:26:08Z fbdump /tmp/kf_fb_cur.raw: 3104512 bytes (25.035376ms)
2026-09-28T21:26:18Z fbdump /tmp/kf_fb_cur.raw: 3104512 bytes (24.628291ms)
2026-09-28T21:26:29Z fbdump /tmp/kf_fb_cur.raw: 3104512 bytes (24.715001ms)
2026-09-28T21:26:39Z fbdump /tmp/kf_fb_cur.raw: 3104512 bytes (24.728042ms)
2026-09-28T21:26:50Z fbdump /tmp/kf_fb_cur.raw: 3104512 bytes (24.696584ms)
2026-09-28T21:27:00Z fbdump /tmp/kf_fb_cur.raw: 3104512 bytes (24.699292ms)
2026-09-28T21:27:11Z fbdump /tmp/kf_fb_cur.raw: 3104512 bytes (24.742542ms)
2026-09-28T21:27:21Z fbdump /tmp/kf_fb_cur.raw: 3104512 bytes (24.731166ms)
2026-09-28T21:27:32Z fbdump /tmp/kf_fb_cur.raw: 3104512 bytes (24.772792ms)
2026-09-28T21:27:43Z fbdump /tmp/kf_fb_cur.raw: 3104512 bytes (24.618958ms)
2026-09-28T21:27:53Z fbdump /tmp/kf_fb_cur.raw: 3104512 bytes (24.658376ms)
2026-09-28T21:28:10Z eips rc=0 (189.04575ms)
2026-09-28T21:28:10Z fbdump /tmp/kf_fb_base.raw: 3104512 bytes (30.47ms)
2026-09-28T21:28:10Z fbdump /tmp/kf_fb_cur.raw: 3104512 bytes (24.808459ms)
2026-09-28T21:28:21Z fbdump /tmp/kf_fb_cur.raw: 3104512 bytes (24.909625ms)
2026-09-28T21:28:32Z fbdump /tmp/kf_fb_cur.raw: 3104512 bytes (24.754749ms)
2026-09-28T21:28:42Z fbdump /tmp/kf_fb_cur.raw: 3104512 bytes (24.808958ms)
2026-09-28T21:28:53Z fbdump /tmp/kf_fb_cur.raw: 3104512 bytes (24.786167ms)
2026-09-28T21:29:04Z fbdump /tmp/kf_fb_cur.raw: 3104512 bytes (26.724834ms)
2026-09-28T21:29:15Z fbdump /tmp/kf_fb_cur.raw: 3104512 bytes (24.975084ms)
2026-09-28T21:29:25Z fbdump /tmp/kf_fb_cur.raw: 3104512 bytes (25.222709ms)
2026-09-28T21:29:36Z fbdump /tmp/kf_fb_cur.raw: 3104512 bytes (24.706417ms)
2026-09-28T21:29:46Z fbdump /tmp/kf_fb_cur.raw: 3104512 bytes (24.802833ms)
2026-09-28T21:29:57Z fbdump /tmp/kf_fb_cur.raw: 3104512 bytes (24.76ms)
2026-09-28T21:30:07Z fbdump /tmp/kf_fb_cur.raw: 3104512 bytes (24.773667ms)
2026-09-28T21:30:18Z fbdump /tmp/kf_fb_cur.raw: 3104512 bytes (24.734958ms)
2026-09-28T21:30:29Z fbdump /tmp/kf_fb_cur.raw: 3104512 bytes (24.753625ms)
2026-09-28T21:30:39Z fbdump /tmp/kf_fb_cur.raw: 3104512 bytes (24.76075ms)
2026-09-28T21:30:50Z fbdump /tmp/kf_fb_cur.raw: 3104512 bytes (24.7805ms)
2026-09-28T21:31:00Z fbdump /tmp/kf_fb_cur.raw: 3104512 bytes (24.74325ms)
2026-09-28T21:31:11Z fbdump /tmp/kf_fb_cur.raw: 3104512 bytes (24.810417ms)
2026-09-28T21:31:21Z fbdump /tmp/kf_fb_cur.raw: 3104512 bytes (24.710126ms)
2026-09-28T21:31:32Z fbdump /tmp/kf_fb_cur.raw: 3104512 bytes (24.736249ms)
2026-09-28T21:31:42Z fbdump /tmp/kf_fb_cur.raw: 3104512 bytes (24.706126ms)
2026-09-28T21:31:53Z fbdump /tmp/kf_fb_cur.raw: 3104512 bytes (24.724667ms)
2026-09-28T21:32:03Z fbdump /tmp/kf_fb_cur.raw: 3104512 bytes (24.689042ms)
2026-09-28T21:32:14Z fbdump /tmp/kf_fb_cur.raw: 3104512 bytes (24.7785ms)
2026-09-28T21:32:25Z fbdump /tmp/kf_fb_cur.raw: 3104512 bytes (24.739584ms)
2026-09-28T21:32:35Z fbdump /tmp/kf_fb_cur.raw: 3104512 bytes (24.7245ms)
2026-09-28T21:32:46Z fbdump /tmp/kf_fb_cur.raw: 3104512 bytes (24.783ms)
2026-09-28T21:32:56Z fbdump /tmp/kf_fb_cur.raw: 3104512 bytes (24.659291ms)
2026-09-28T21:33:07Z fbdump /tmp/kf_fb_cur.raw: 3104512 bytes (24.688791ms)
2026-09-28T21:33:17Z fbdump /tmp/kf_fb_cur.raw: 3104512 bytes (25.278459ms)
2026-09-28T21:33:34Z eips rc=0 (187.440375ms)
2026-09-28T21:33:34Z fbdump /tmp/kf_fb_base.raw: 3104512 bytes (30.498333ms)
2026-09-28T21:33:34Z fbdump /tmp/kf_fb_cur.raw: 3104512 bytes (24.753125ms)
2026-09-28T21:33:45Z fbdump /tmp/kf_fb_cur.raw: 3104512 bytes (24.711416ms)
2026-09-28T21:33:56Z fbdump /tmp/kf_fb_cur.raw: 3104512 bytes (24.740917ms)
2026-09-28T21:34:06Z fbdump /tmp/kf_fb_cur.raw: 3104512 bytes (24.667792ms)
2026-09-28T21:34:17Z fbdump /tmp/kf_fb_cur.raw: 3104512 bytes (24.711126ms)
2026-09-28T21:34:28Z fbdump /tmp/kf_fb_cur.raw: 3104512 bytes (24.706751ms)
2026-09-28T21:34:39Z fbdump /tmp/kf_fb_cur.raw: 3104512 bytes (26.906291ms)
2026-09-28T21:34:49Z fbdump /tmp/kf_fb_cur.raw: 3104512 bytes (24.757542ms)
2026-09-28T21:35:00Z fbdump /tmp/kf_fb_cur.raw: 3104512 bytes (24.738709ms)
2026-09-28T21:35:10Z fbdump /tmp/kf_fb_cur.raw: 3104512 bytes (24.818751ms)
2026-09-28T21:35:21Z fbdump /tmp/kf_fb_cur.raw: 3104512 bytes (25.101084ms)
2026-09-28T21:35:31Z fbdump /tmp/kf_fb_cur.raw: 3104512 bytes (24.797834ms)
2026-09-28T21:35:42Z fbdump /tmp/kf_fb_cur.raw: 3104512 bytes (24.723125ms)
2026-09-28T21:35:52Z fbdump /tmp/kf_fb_cur.raw: 3104512 bytes (24.701042ms)
2026-09-28T21:36:03Z fbdump /tmp/kf_fb_cur.raw: 3104512 bytes (24.752209ms)
2026-09-28T21:36:13Z fbdump /tmp/kf_fb_cur.raw: 3104512 bytes (24.7165ms)
2026-09-28T21:36:24Z fbdump /tmp/kf_fb_cur.raw: 3104512 bytes (24.724333ms)
2026-09-28T21:36:34Z fbdump /tmp/kf_fb_cur.raw: 3104512 bytes (24.690625ms)
2026-09-28T21:36:45Z fbdump /tmp/kf_fb_cur.raw: 3104512 bytes (24.814833ms)
2026-09-28T21:36:56Z fbdump /tmp/kf_fb_cur.raw: 3104512 bytes (24.773917ms)
2026-09-28T21:37:06Z fbdump /tmp/kf_fb_cur.raw: 3104512 bytes (24.739666ms)
2026-09-28T21:37:17Z fbdump /tmp/kf_fb_cur.raw: 3104512 bytes (24.923709ms)
2026-09-28T21:37:27Z fbdump /tmp/kf_fb_cur.raw: 3104512 bytes (24.928667ms)
2026-09-28T21:37:38Z fbdump /tmp/kf_fb_cur.raw: 3104512 bytes (24.885417ms)
2026-09-28T21:37:48Z fbdump /tmp/kf_fb_cur.raw: 3104512 bytes (25.285126ms)
2026-09-28T21:37:59Z fbdump /tmp/kf_fb_cur.raw: 3104512 bytes (24.836416ms)
2026-09-28T21:38:09Z fbdump /tmp/kf_fb_cur.raw: 3104512 bytes (24.897542ms)
2026-09-28T21:38:20Z fbdump /tmp/kf_fb_cur.raw: 3104512 bytes (24.988334ms)
2026-09-28T21:38:30Z fbdump /tmp/kf_fb_cur.raw: 3104512 bytes (24.889001ms)
2026-09-28T21:38:41Z fbdump /tmp/kf_fb_cur.raw: 3104512 bytes (24.832958ms)
2026-09-28T21:38:58Z fbdump /tmp/kf_fb_cur.raw: 3104512 bytes (24.781875ms)
2026-09-28T21:39:08Z fbdump /tmp/kf_fb_cur.raw: 3104512 bytes (24.719458ms)
2026-09-28T21:39:19Z fbdump /tmp/kf_fb_cur.raw: 3104512 bytes (24.73725ms)
2026-09-28T21:39:29Z fbdump /tmp/kf_fb_cur.raw: 3104512 bytes (24.766583ms)
2026-09-28T21:39:40Z fbdump /tmp/kf_fb_cur.raw: 3104512 bytes (24.724333ms)
2026-09-28T21:39:50Z fbdump /tmp/kf_fb_cur.raw: 3104512 bytes (24.740792ms)
2026-09-28T21:40:01Z fbdump /tmp/kf_fb_cur.raw: 3104512 bytes (26.446999ms)
2026-09-28T21:40:11Z fbdump /tmp/kf_fb_cur.raw: 3104512 bytes (24.817584ms)
2026-09-28T21:40:22Z fbdump /tmp/kf_fb_cur.raw: 3104512 bytes (24.73725ms)
2026-09-28T21:40:32Z fbdump /tmp/kf_fb_cur.raw: 3104512 bytes (24.812334ms)
2026-09-28T21:40:43Z fbdump /tmp/kf_fb_cur.raw: 3104512 bytes (24.818583ms)
2026-09-28T21:40:53Z fbdump /tmp/kf_fb_cur.raw: 3104512 bytes (24.814459ms)
2026-09-28T21:41:04Z fbdump /tmp/kf_fb_cur.raw: 3104512 bytes (24.823875ms)
2026-09-28T21:41:15Z fbdump /tmp/kf_fb_cur.raw: 3104512 bytes (24.737208ms)
2026-09-28T21:41:25Z fbdump /tmp/kf_fb_cur.raw: 3104512 bytes (24.7885ms)
2026-09-28T21:41:36Z fbdump /tmp/kf_fb_cur.raw: 3104512 bytes (24.797417ms)
2026-09-28T21:41:46Z fbdump /tmp/kf_fb_cur.raw: 3104512 bytes (24.762333ms)
2026-09-28T21:41:57Z fbdump /tmp/kf_fb_cur.raw: 3104512 bytes (24.857625ms)
2026-09-28T21:42:07Z fbdump /tmp/kf_fb_cur.raw: 3104512 bytes (24.71725ms)
2026-09-28T21:42:18Z fbdump /tmp/kf_fb_cur.raw: 3104512 bytes (24.83ms)
2026-09-28T21:42:28Z fbdump /tmp/kf_fb_cur.raw: 3104512 bytes (24.775333ms)
2026-09-28T21:42:39Z fbdump /tmp/kf_fb_cur.raw: 3104512 bytes (24.730458ms)
2026-09-28T21:42:49Z fbdump /tmp/kf_fb_cur.raw: 3104512 bytes (24.800167ms)
2026-09-28T21:43:00Z fbdump /tmp/kf_fb_cur.raw: 3104512 bytes (24.812834ms)
2026-09-28T21:43:11Z fbdump /tmp/kf_fb_cur.raw: 3104512 bytes (24.774125ms)
2026-09-28T21:43:21Z fbdump /tmp/kf_fb_cur.raw: 3104512 bytes (24.826083ms)
2026-09-28T21:43:32Z fbdump /tmp/kf_fb_cur.raw: 3104512 bytes (24.743542ms)
2026-09-28T21:43:42Z fbdump /tmp/kf_fb_cur.raw: 3104512 bytes (24.754126ms)
2026-09-28T21:43:53Z fbdump /tmp/kf_fb_cur.raw: 3104512 bytes (24.845084ms)
2026-09-28T21:44:03Z fbdump /tmp/kf_fb_cur.raw: 3104512 bytes (24.739125ms)
2026-09-28T21:44:20Z fbdump /tmp/kf_fb_cur.raw: 3104512 bytes (24.731042ms)
2026-09-28T21:44:30Z fbdump /tmp/kf_fb_cur.raw: 3104512 bytes (24.783042ms)
2026-09-28T21:44:41Z fbdump /tmp/kf_fb_cur.raw: 3104512 bytes (24.819917ms)
2026-09-28T21:44:51Z fbdump /tmp/kf_fb_cur.raw: 3104512 bytes (24.826917ms)
2026-09-28T21:45:02Z fbdump /tmp/kf_fb_cur.raw: 3104512 bytes (24.695541ms)
2026-09-28T21:45:12Z fbdump /tmp/kf_fb_cur.raw: 3104512 bytes (24.79675ms)
2026-09-28T21:45:23Z fbdump /tmp/kf_fb_cur.raw: 3104512 bytes (24.793542ms)
2026-09-28T21:45:33Z fbdump /tmp/kf_fb_cur.raw: 3104512 bytes (24.758542ms)
2026-09-28T21:45:44Z fbdump /tmp/kf_fb_cur.raw: 3104512 bytes (24.771417ms)
2026-09-28T21:45:55Z fbdump /tmp/kf_fb_cur.raw: 3104512 bytes (24.7995ms)
2026-09-28T21:46:05Z fbdump /tmp/kf_fb_cur.raw: 3104512 bytes (24.852208ms)
2026-09-28T21:46:16Z fbdump /tmp/kf_fb_cur.raw: 3104512 bytes (24.79275ms)
2026-09-28T21:46:26Z fbdump /tmp/kf_fb_cur.raw: 3104512 bytes (24.7835ms)
2026-09-28T21:46:37Z fbdump /tmp/kf_fb_cur.raw: 3104512 bytes (30.164583ms)
2026-09-28T21:46:47Z fbdump /tmp/kf_fb_cur.raw: 3104512 bytes (24.823709ms)
2026-09-28T21:46:58Z fbdump /tmp/kf_fb_cur.raw: 3104512 bytes (24.795792ms)
2026-09-28T21:47:08Z fbdump /tmp/kf_fb_cur.raw: 3104512 bytes (25.206084ms)
2026-09-28T21:47:19Z fbdump /tmp/kf_fb_cur.raw: 3104512 bytes (24.710166ms)
2026-09-28T21:47:29Z fbdump /tmp/kf_fb_cur.raw: 3104512 bytes (24.718666ms)
2026-09-28T21:47:40Z fbdump /tmp/kf_fb_cur.raw: 3104512 bytes (24.816793ms)
2026-09-28T21:47:51Z fbdump /tmp/kf_fb_cur.raw: 3104512 bytes (24.76175ms)
2026-09-28T21:48:01Z fbdump /tmp/kf_fb_cur.raw: 3104512 bytes (26.489625ms)
2026-09-28T21:48:12Z fbdump /tmp/kf_fb_cur.raw: 3104512 bytes (24.684ms)
2026-09-28T21:48:22Z fbdump /tmp/kf_fb_cur.raw: 3104512 bytes (24.762875ms)
2026-09-28T21:48:33Z fbdump /tmp/kf_fb_cur.raw: 3104512 bytes (25.540875ms)
2026-09-28T21:48:43Z fbdump /tmp/kf_fb_cur.raw: 3104512 bytes (24.805042ms)
2026-09-28T21:48:54Z fbdump /tmp/kf_fb_cur.raw: 3104512 bytes (24.713375ms)
2026-09-28T21:49:04Z fbdump /tmp/kf_fb_cur.raw: 3104512 bytes (24.750501ms)
2026-09-28T21:49:15Z fbdump /tmp/kf_fb_cur.raw: 3104512 bytes (24.756167ms)
2026-09-28T21:49:25Z fbdump /tmp/kf_fb_cur.raw: 3104512 bytes (24.843333ms)
2026-09-28T21:49:42Z fbdump /tmp/kf_fb_cur.raw: 3104512 bytes (24.745584ms)
2026-09-28T21:49:52Z fbdump /tmp/kf_fb_cur.raw: 3104512 bytes (24.857667ms)
2026-09-28T21:50:03Z fbdump /tmp/kf_fb_cur.raw: 3104512 bytes (24.824958ms)
2026-09-28T21:50:13Z fbdump /tmp/kf_fb_cur.raw: 3104512 bytes (24.724584ms)
2026-09-28T21:50:24Z fbdump /tmp/kf_fb_cur.raw: 3104512 bytes (24.779625ms)
2026-09-28T21:50:34Z fbdump /tmp/kf_fb_cur.raw: 3104512 bytes (25.610084ms)
2026-09-28T21:50:45Z fbdump /tmp/kf_fb_cur.raw: 3104512 bytes (24.809334ms)
2026-09-28T21:50:55Z fbdump /tmp/kf_fb_cur.raw: 3104512 bytes (24.822083ms)
2026-09-28T21:51:06Z fbdump /tmp/kf_fb_cur.raw: 3104512 bytes (24.729541ms)
2026-09-28T21:51:17Z fbdump /tmp/kf_fb_cur.raw: 3104512 bytes (24.757166ms)
2026-09-28T21:51:27Z fbdump /tmp/kf_fb_cur.raw: 3104512 bytes (24.816209ms)
2026-09-28T21:51:38Z fbdump /tmp/kf_fb_cur.raw: 3104512 bytes (25.000292ms)
2026-09-28T21:51:48Z fbdump /tmp/kf_fb_cur.raw: 3104512 bytes (24.784167ms)
2026-09-28T21:51:59Z fbdump /tmp/kf_fb_cur.raw: 3104512 bytes (24.80925ms)
2026-09-28T21:52:09Z fbdump /tmp/kf_fb_cur.raw: 3104512 bytes (24.777376ms)
2026-09-28T21:52:20Z fbdump /tmp/kf_fb_cur.raw: 3104512 bytes (24.684458ms)
2026-09-28T21:52:30Z fbdump /tmp/kf_fb_cur.raw: 3104512 bytes (24.856584ms)
2026-09-28T21:52:41Z fbdump /tmp/kf_fb_cur.raw: 3104512 bytes (24.808834ms)
2026-09-28T21:52:51Z fbdump /tmp/kf_fb_cur.raw: 3104512 bytes (24.816625ms)
2026-09-28T21:53:02Z fbdump /tmp/kf_fb_cur.raw: 3104512 bytes (24.788834ms)
2026-09-28T21:53:13Z fbdump /tmp/kf_fb_cur.raw: 3104512 bytes (24.75525ms)
2026-09-28T21:53:23Z fbdump /tmp/kf_fb_cur.raw: 3104512 bytes (24.744251ms)
2026-09-28T21:53:34Z fbdump /tmp/kf_fb_cur.raw: 3104512 bytes (24.763ms)
2026-09-28T21:53:44Z fbdump /tmp/kf_fb_cur.raw: 3104512 bytes (24.744ms)
2026-09-28T21:53:55Z fbdump /tmp/kf_fb_cur.raw: 3104512 bytes (24.77975ms)
2026-09-28T21:54:05Z fbdump /tmp/kf_fb_cur.raw: 3104512 bytes (24.760709ms)
2026-09-28T21:54:16Z fbdump /tmp/kf_fb_cur.raw: 3104512 bytes (24.825ms)
2026-09-28T21:54:26Z fbdump /tmp/kf_fb_cur.raw: 3104512 bytes (24.977875ms)
2026-09-28T21:54:37Z fbdump /tmp/kf_fb_cur.raw: 3104512 bytes (24.695292ms)
2026-09-28T21:54:47Z fbdump /tmp/kf_fb_cur.raw: 3104512 bytes (24.743625ms)
2026-09-28T21:55:04Z fbdump /tmp/kf_fb_cur.raw: 3104512 bytes (24.813458ms)
2026-09-28T21:55:14Z fbdump /tmp/kf_fb_cur.raw: 3104512 bytes (24.7815ms)
2026-09-28T21:55:25Z fbdump /tmp/kf_fb_cur.raw: 3104512 bytes (24.780292ms)
2026-09-28T21:55:35Z fbdump /tmp/kf_fb_cur.raw: 3104512 bytes (24.770458ms)
2026-09-28T21:55:46Z fbdump /tmp/kf_fb_cur.raw: 3104512 bytes (24.758709ms)
2026-09-28T21:55:57Z fbdump /tmp/kf_fb_cur.raw: 3104512 bytes (24.814251ms)
2026-09-28T21:56:07Z fbdump /tmp/kf_fb_cur.raw: 3104512 bytes (24.781292ms)
2026-09-28T21:56:18Z fbdump /tmp/kf_fb_cur.raw: 3104512 bytes (24.976708ms)
2026-09-28T21:56:28Z fbdump /tmp/kf_fb_cur.raw: 3104512 bytes (24.728375ms)
2026-09-28T21:56:39Z fbdump /tmp/kf_fb_cur.raw: 3104512 bytes (24.6545ms)
2026-09-28T21:56:49Z fbdump /tmp/kf_fb_cur.raw: 3104512 bytes (24.794084ms)
2026-09-28T21:57:00Z fbdump /tmp/kf_fb_cur.raw: 3104512 bytes (24.728667ms)
2026-09-28T21:57:10Z fbdump /tmp/kf_fb_cur.raw: 3104512 bytes (24.799667ms)
2026-09-28T21:57:21Z fbdump /tmp/kf_fb_cur.raw: 3104512 bytes (24.735375ms)
2026-09-28T21:57:31Z fbdump /tmp/kf_fb_cur.raw: 3104512 bytes (24.814042ms)
2026-09-28T21:57:42Z fbdump /tmp/kf_fb_cur.raw: 3104512 bytes (24.751625ms)
2026-09-28T21:57:53Z fbdump /tmp/kf_fb_cur.raw: 3104512 bytes (24.744ms)
2026-09-28T21:58:03Z fbdump /tmp/kf_fb_cur.raw: 3104512 bytes (24.765334ms)
2026-09-28T21:58:14Z fbdump /tmp/kf_fb_cur.raw: 3104512 bytes (25.170375ms)
2026-09-28T21:58:24Z fbdump /tmp/kf_fb_cur.raw: 3104512 bytes (24.752374ms)
2026-09-28T21:58:35Z fbdump /tmp/kf_fb_cur.raw: 3104512 bytes (24.749833ms)
2026-09-28T21:58:45Z fbdump /tmp/kf_fb_cur.raw: 3104512 bytes (24.774126ms)
2026-09-28T21:58:56Z fbdump /tmp/kf_fb_cur.raw: 3104512 bytes (24.799625ms)
2026-09-28T21:59:06Z fbdump /tmp/kf_fb_cur.raw: 3104512 bytes (24.744209ms)
2026-09-28T21:59:17Z fbdump /tmp/kf_fb_cur.raw: 3104512 bytes (24.797792ms)
2026-09-28T21:59:27Z fbdump /tmp/kf_fb_cur.raw: 3104512 bytes (24.744709ms)
2026-09-28T21:59:38Z fbdump /tmp/kf_fb_cur.raw: 3104512 bytes (24.7585ms)
2026-09-28T21:59:49Z fbdump /tmp/kf_fb_cur.raw: 3104512 bytes (24.746917ms)
2026-09-28T21:59:59Z fbdump /tmp/kf_fb_cur.raw: 3104512 bytes (24.73125ms)
2026-09-28T22:00:10Z fbdump /tmp/kf_fb_cur.raw: 3104512 bytes (25.130001ms)
2026-09-28T22:00:26Z fbdump /tmp/kf_fb_cur.raw: 3104512 bytes (25.200333ms)
2026-09-28T22:00:36Z fbdump /tmp/kf_fb_cur.raw: 3104512 bytes (25.173459ms)
2026-09-28T22:00:47Z fbdump /tmp/kf_fb_cur.raw: 3104512 bytes (24.785875ms)
2026-09-28T22:00:58Z fbdump /tmp/kf_fb_cur.raw: 3104512 bytes (24.775667ms)
2026-09-28T22:01:08Z fbdump /tmp/kf_fb_cur.raw: 3104512 bytes (24.770625ms)
2026-09-28T22:01:19Z fbdump /tmp/kf_fb_cur.raw: 3104512 bytes (24.843542ms)
2026-09-28T22:01:29Z fbdump /tmp/kf_fb_cur.raw: 3104512 bytes (24.755459ms)
2026-09-28T22:01:40Z fbdump /tmp/kf_fb_cur.raw: 3104512 bytes (24.849ms)
2026-09-28T22:01:50Z fbdump /tmp/kf_fb_cur.raw: 3104512 bytes (24.784ms)
2026-09-28T22:02:01Z fbdump /tmp/kf_fb_cur.raw: 3104512 bytes (26.444376ms)
2026-09-28T22:02:11Z fbdump /tmp/kf_fb_cur.raw: 3104512 bytes (24.745333ms)
2026-09-28T22:02:22Z fbdump /tmp/kf_fb_cur.raw: 3104512 bytes (24.756001ms)
2026-09-28T22:02:32Z fbdump /tmp/kf_fb_cur.raw: 3104512 bytes (24.810084ms)
2026-09-28T22:02:43Z fbdump /tmp/kf_fb_cur.raw: 3104512 bytes (24.776542ms)
2026-09-28T22:02:54Z fbdump /tmp/kf_fb_cur.raw: 3104512 bytes (24.745792ms)
2026-09-28T22:03:04Z fbdump /tmp/kf_fb_cur.raw: 3104512 bytes (24.846334ms)
2026-09-28T22:03:15Z fbdump /tmp/kf_fb_cur.raw: 3104512 bytes (24.795291ms)
2026-09-28T22:03:25Z fbdump /tmp/kf_fb_cur.raw: 3104512 bytes (24.792458ms)
2026-09-28T22:03:36Z fbdump /tmp/kf_fb_cur.raw: 3104512 bytes (25.131208ms)
2026-09-28T22:03:46Z fbdump /tmp/kf_fb_cur.raw: 3104512 bytes (24.807625ms)
2026-09-28T22:03:57Z fbdump /tmp/kf_fb_cur.raw: 3104512 bytes (24.875042ms)
2026-09-28T22:04:07Z fbdump /tmp/kf_fb_cur.raw: 3104512 bytes (24.731959ms)
2026-09-28T22:04:18Z fbdump /tmp/kf_fb_cur.raw: 3104512 bytes (24.808334ms)
2026-09-28T22:04:28Z fbdump /tmp/kf_fb_cur.raw: 3104512 bytes (24.79575ms)
2026-09-28T22:04:39Z fbdump /tmp/kf_fb_cur.raw: 3104512 bytes (24.842667ms)
2026-09-28T22:04:49Z fbdump /tmp/kf_fb_cur.raw: 3104512 bytes (24.784ms)
2026-09-28T22:05:00Z fbdump /tmp/kf_fb_cur.raw: 3104512 bytes (24.784709ms)
2026-09-28T22:05:11Z fbdump /tmp/kf_fb_cur.raw: 3104512 bytes (24.787501ms)
2026-09-28T22:05:21Z fbdump /tmp/kf_fb_cur.raw: 3104512 bytes (24.751208ms)
2026-09-28T22:05:32Z fbdump /tmp/kf_fb_cur.raw: 3104512 bytes (24.809667ms)
2026-09-28T22:05:48Z fbdump /tmp/kf_fb_cur.raw: 3104512 bytes (24.660708ms)
2026-09-28T22:05:59Z fbdump /tmp/kf_fb_cur.raw: 3104512 bytes (24.7745ms)
2026-09-28T22:06:09Z fbdump /tmp/kf_fb_cur.raw: 3104512 bytes (24.71225ms)
2026-09-28T22:06:20Z fbdump /tmp/kf_fb_cur.raw: 3104512 bytes (24.8505ms)
2026-09-28T22:06:30Z fbdump /tmp/kf_fb_cur.raw: 3104512 bytes (25.184084ms)
2026-09-28T22:06:41Z fbdump /tmp/kf_fb_cur.raw: 3104512 bytes (24.96475ms)
2026-09-28T22:06:51Z fbdump /tmp/kf_fb_cur.raw: 3104512 bytes (24.897792ms)
2026-09-28T22:07:02Z fbdump /tmp/kf_fb_cur.raw: 3104512 bytes (24.894041ms)
2026-09-28T22:07:12Z fbdump /tmp/kf_fb_cur.raw: 3104512 bytes (24.949126ms)
2026-09-28T22:07:23Z fbdump /tmp/kf_fb_cur.raw: 3104512 bytes (24.994917ms)
2026-09-28T22:07:34Z fbdump /tmp/kf_fb_cur.raw: 3104512 bytes (24.944375ms)
2026-09-28T22:07:44Z fbdump /tmp/kf_fb_cur.raw: 3104512 bytes (24.908708ms)
2026-09-28T22:07:55Z fbdump /tmp/kf_fb_cur.raw: 3104512 bytes (24.926667ms)
2026-09-28T22:08:05Z fbdump /tmp/kf_fb_cur.raw: 3104512 bytes (24.948542ms)
2026-09-28T22:08:16Z fbdump /tmp/kf_fb_cur.raw: 3104512 bytes (24.962708ms)
2026-09-28T22:08:26Z fbdump /tmp/kf_fb_cur.raw: 3104512 bytes (24.929001ms)
2026-09-28T22:08:37Z fbdump /tmp/kf_fb_cur.raw: 3104512 bytes (24.911584ms)
2026-09-28T22:08:47Z fbdump /tmp/kf_fb_cur.raw: 3104512 bytes (24.900417ms)
2026-09-28T22:08:58Z fbdump /tmp/kf_fb_cur.raw: 3104512 bytes (24.966667ms)
2026-09-28T22:09:08Z fbdump /tmp/kf_fb_cur.raw: 3104512 bytes (25.061667ms)
2026-09-28T22:09:19Z fbdump /tmp/kf_fb_cur.raw: 3104512 bytes (24.997708ms)
2026-09-28T22:09:29Z fbdump /tmp/kf_fb_cur.raw: 3104512 bytes (24.914209ms)
2026-09-28T22:09:40Z fbdump /tmp/kf_fb_cur.raw: 3104512 bytes (25.00775ms)
2026-09-28T22:09:51Z fbdump /tmp/kf_fb_cur.raw: 3104512 bytes (24.919875ms)
2026-09-28T22:10:01Z fbdump /tmp/kf_fb_cur.raw: 3104512 bytes (26.786624ms)
2026-09-28T22:10:12Z fbdump /tmp/kf_fb_cur.raw: 3104512 bytes (24.954709ms)
2026-09-28T22:10:22Z fbdump /tmp/kf_fb_cur.raw: 3104512 bytes (24.875209ms)
2026-09-28T22:10:33Z fbdump /tmp/kf_fb_cur.raw: 3104512 bytes (24.949791ms)
2026-09-28T22:10:43Z fbdump /tmp/kf_fb_cur.raw: 3104512 bytes (24.892416ms)
2026-09-28T22:10:54Z fbdump /tmp/kf_fb_cur.raw: 3104512 bytes (24.943875ms)
2026-09-28T22:11:10Z fbdump /tmp/kf_fb_cur.raw: 3104512 bytes (24.776208ms)
2026-09-28T22:11:21Z fbdump /tmp/kf_fb_cur.raw: 3104512 bytes (25.061209ms)
2026-09-28T22:11:31Z fbdump /tmp/kf_fb_cur.raw: 3104512 bytes (24.962792ms)
2026-09-28T22:11:42Z fbdump /tmp/kf_fb_cur.raw: 3104512 bytes (24.931584ms)
2026-09-28T22:11:52Z fbdump /tmp/kf_fb_cur.raw: 3104512 bytes (25.012126ms)
2026-09-28T22:12:03Z fbdump /tmp/kf_fb_cur.raw: 3104512 bytes (25.005792ms)
2026-09-28T22:12:13Z fbdump /tmp/kf_fb_cur.raw: 3104512 bytes (24.982542ms)
2026-09-28T22:12:24Z fbdump /tmp/kf_fb_cur.raw: 3104512 bytes (24.959292ms)
2026-09-28T22:12:35Z fbdump /tmp/kf_fb_cur.raw: 3104512 bytes (24.915791ms)
2026-09-28T22:12:45Z fbdump /tmp/kf_fb_cur.raw: 3104512 bytes (24.926ms)
2026-09-28T22:12:56Z fbdump /tmp/kf_fb_cur.raw: 3104512 bytes (24.964625ms)
2026-09-28T22:13:06Z fbdump /tmp/kf_fb_cur.raw: 3104512 bytes (24.916583ms)
2026-09-28T22:13:17Z fbdump /tmp/kf_fb_cur.raw: 3104512 bytes (24.9215ms)
2026-09-28T22:13:27Z fbdump /tmp/kf_fb_cur.raw: 3104512 bytes (25.0555ms)
2026-09-28T22:13:38Z fbdump /tmp/kf_fb_cur.raw: 3104512 bytes (24.934917ms)
2026-09-28T22:13:48Z fbdump /tmp/kf_fb_cur.raw: 3104512 bytes (24.865708ms)
2026-09-28T22:13:59Z fbdump /tmp/kf_fb_cur.raw: 3104512 bytes (24.9195ms)
2026-09-28T22:14:10Z fbdump /tmp/kf_fb_cur.raw: 3104512 bytes (24.929917ms)
2026-09-28T22:14:20Z fbdump /tmp/kf_fb_cur.raw: 3104512 bytes (25.003417ms)
2026-09-28T22:14:31Z fbdump /tmp/kf_fb_cur.raw: 3104512 bytes (24.929459ms)
2026-09-28T22:14:41Z fbdump /tmp/kf_fb_cur.raw: 3104512 bytes (24.872083ms)
2026-09-28T22:14:52Z fbdump /tmp/kf_fb_cur.raw: 3104512 bytes (25.178167ms)
2026-09-28T22:15:02Z fbdump /tmp/kf_fb_cur.raw: 3104512 bytes (24.977042ms)
2026-09-28T22:15:13Z fbdump /tmp/kf_fb_cur.raw: 3104512 bytes (24.903334ms)
2026-09-28T22:15:23Z fbdump /tmp/kf_fb_cur.raw: 3104512 bytes (24.907417ms)
2026-09-28T22:15:34Z fbdump /tmp/kf_fb_cur.raw: 3104512 bytes (27.973083ms)
2026-09-28T22:15:44Z fbdump /tmp/kf_fb_cur.raw: 3104512 bytes (24.997084ms)
2026-09-28T22:15:55Z fbdump /tmp/kf_fb_cur.raw: 3104512 bytes (24.968792ms)
2026-09-28T22:16:05Z fbdump /tmp/kf_fb_cur.raw: 3104512 bytes (24.953667ms)
2026-09-28T22:16:16Z fbdump /tmp/kf_fb_cur.raw: 3104512 bytes (24.944208ms)
2026-09-28T22:16:32Z fbdump /tmp/kf_fb_cur.raw: 3104512 bytes (24.772833ms)
2026-09-28T22:16:43Z fbdump /tmp/kf_fb_cur.raw: 3104512 bytes (24.771125ms)
2026-09-28T22:16:53Z fbdump /tmp/kf_fb_cur.raw: 3104512 bytes (25.26825ms)
2026-09-28T22:17:04Z fbdump /tmp/kf_fb_cur.raw: 3104512 bytes (24.759833ms)
2026-09-28T22:17:14Z fbdump /tmp/kf_fb_cur.raw: 3104512 bytes (24.7655ms)
2026-09-28T22:17:25Z fbdump /tmp/kf_fb_cur.raw: 3104512 bytes (24.822959ms)
2026-09-28T22:17:36Z fbdump /tmp/kf_fb_cur.raw: 3104512 bytes (24.765833ms)
2026-09-28T22:17:46Z fbdump /tmp/kf_fb_cur.raw: 3104512 bytes (24.835251ms)
2026-09-28T22:17:57Z fbdump /tmp/kf_fb_cur.raw: 3104512 bytes (24.839959ms)
2026-09-28T22:18:07Z fbdump /tmp/kf_fb_cur.raw: 3104512 bytes (24.824833ms)
2026-09-28T22:18:18Z fbdump /tmp/kf_fb_cur.raw: 3104512 bytes (24.787291ms)
2026-09-28T22:18:28Z fbdump /tmp/kf_fb_cur.raw: 3104512 bytes (24.798501ms)
2026-09-28T22:18:39Z fbdump /tmp/kf_fb_cur.raw: 3104512 bytes (24.765417ms)
2026-09-28T22:18:49Z fbdump /tmp/kf_fb_cur.raw: 3104512 bytes (24.812834ms)
2026-09-28T22:19:00Z fbdump /tmp/kf_fb_cur.raw: 3104512 bytes (24.789001ms)
2026-09-28T22:19:10Z fbdump /tmp/kf_fb_cur.raw: 3104512 bytes (24.846501ms)
2026-09-28T22:19:21Z fbdump /tmp/kf_fb_cur.raw: 3104512 bytes (24.858209ms)
2026-09-28T22:19:31Z fbdump /tmp/kf_fb_cur.raw: 3104512 bytes (24.796042ms)
2026-09-28T22:19:42Z fbdump /tmp/kf_fb_cur.raw: 3104512 bytes (29.839375ms)
2026-09-28T22:19:53Z fbdump /tmp/kf_fb_cur.raw: 3104512 bytes (24.825208ms)
2026-09-28T22:20:03Z fbdump /tmp/kf_fb_cur.raw: 3104512 bytes (24.806375ms)
2026-09-28T22:20:14Z fbdump /tmp/kf_fb_cur.raw: 3104512 bytes (25.662126ms)
2026-09-28T22:20:24Z fbdump /tmp/kf_fb_cur.raw: 3104512 bytes (24.771459ms)
2026-09-28T22:20:35Z fbdump /tmp/kf_fb_cur.raw: 3104512 bytes (24.86375ms)
2026-09-28T22:20:45Z fbdump /tmp/kf_fb_cur.raw: 3104512 bytes (24.794ms)
2026-09-28T22:20:56Z fbdump /tmp/kf_fb_cur.raw: 3104512 bytes (24.787542ms)
2026-09-28T22:21:06Z fbdump /tmp/kf_fb_cur.raw: 3104512 bytes (24.787376ms)
2026-09-28T22:21:17Z fbdump /tmp/kf_fb_cur.raw: 3104512 bytes (24.870417ms)
2026-09-28T22:21:27Z fbdump /tmp/kf_fb_cur.raw: 3104512 bytes (24.788208ms)
2026-09-28T22:21:38Z fbdump /tmp/kf_fb_cur.raw: 3104512 bytes (25.070709ms)
2026-09-28T22:21:55Z eips rc=0 (187.769999ms)
2026-09-28T22:21:55Z fbdump /tmp/kf_fb_base.raw: 3104512 bytes (30.375375ms)
2026-09-28T22:21:56Z fbdump /tmp/kf_fb_cur.raw: 3104512 bytes (24.724958ms)
2026-09-28T22:22:07Z fbdump /tmp/kf_fb_cur.raw: 3104512 bytes (24.7735ms)
2026-09-28T22:22:18Z fbdump /tmp/kf_fb_cur.raw: 3104512 bytes (25.16575ms)
2026-09-28T22:22:28Z fbdump /tmp/kf_fb_cur.raw: 3104512 bytes (24.8135ms)
2026-09-28T22:22:39Z fbdump /tmp/kf_fb_cur.raw: 3104512 bytes (26.922833ms)
2026-09-28T22:22:49Z fbdump /tmp/kf_fb_cur.raw: 3104512 bytes (25.433542ms)
2026-09-28T22:23:00Z fbdump /tmp/kf_fb_cur.raw: 3104512 bytes (24.760499ms)
2026-09-28T22:23:10Z fbdump /tmp/kf_fb_cur.raw: 3104512 bytes (24.795959ms)
2026-09-28T22:23:21Z fbdump /tmp/kf_fb_cur.raw: 3104512 bytes (25.103459ms)
2026-09-28T22:23:31Z fbdump /tmp/kf_fb_cur.raw: 3104512 bytes (24.73175ms)
2026-09-28T22:23:42Z fbdump /tmp/kf_fb_cur.raw: 3104512 bytes (24.737209ms)
2026-09-28T22:23:52Z fbdump /tmp/kf_fb_cur.raw: 3104512 bytes (24.731666ms)
2026-09-28T22:24:03Z fbdump /tmp/kf_fb_cur.raw: 3104512 bytes (24.844125ms)
2026-09-28T22:24:14Z fbdump /tmp/kf_fb_cur.raw: 3104512 bytes (25.50775ms)
2026-09-28T22:24:24Z fbdump /tmp/kf_fb_cur.raw: 3104512 bytes (24.808667ms)
2026-09-28T22:24:35Z fbdump /tmp/kf_fb_cur.raw: 3104512 bytes (25.975666ms)
2026-09-28T22:24:45Z fbdump /tmp/kf_fb_cur.raw: 3104512 bytes (24.795083ms)
2026-09-28T22:24:56Z fbdump /tmp/kf_fb_cur.raw: 3104512 bytes (24.842708ms)
2026-09-28T22:25:06Z fbdump /tmp/kf_fb_cur.raw: 3104512 bytes (24.774625ms)
2026-09-28T22:25:17Z fbdump /tmp/kf_fb_cur.raw: 3104512 bytes (24.827292ms)
2026-09-28T22:25:27Z fbdump /tmp/kf_fb_cur.raw: 3104512 bytes (25.458ms)
2026-09-28T22:25:38Z fbdump /tmp/kf_fb_cur.raw: 3104512 bytes (24.819917ms)
2026-09-28T22:25:48Z fbdump /tmp/kf_fb_cur.raw: 3104512 bytes (24.821042ms)
2026-09-28T22:25:59Z fbdump /tmp/kf_fb_cur.raw: 3104512 bytes (24.719833ms)
2026-09-28T22:26:10Z fbdump /tmp/kf_fb_cur.raw: 3104512 bytes (24.744584ms)
2026-09-28T22:26:20Z fbdump /tmp/kf_fb_cur.raw: 3104512 bytes (24.787583ms)
2026-09-28T22:26:31Z fbdump /tmp/kf_fb_cur.raw: 3104512 bytes (25.079042ms)
2026-09-28T22:26:41Z fbdump /tmp/kf_fb_cur.raw: 3104512 bytes (24.850459ms)
2026-09-28T22:26:52Z fbdump /tmp/kf_fb_cur.raw: 3104512 bytes (25.514876ms)
2026-09-28T22:27:02Z fbdump /tmp/kf_fb_cur.raw: 3104512 bytes (24.822501ms)
2026-09-28T22:27:20Z eips rc=0 (194.290958ms)
2026-09-28T22:27:20Z fbdump /tmp/kf_fb_base.raw: 3104512 bytes (30.750417ms)
2026-09-28T22:27:20Z fbdump /tmp/kf_fb_cur.raw: 3104512 bytes (24.842541ms)
2026-09-28T22:27:31Z fbdump /tmp/kf_fb_cur.raw: 3104512 bytes (24.75375ms)
2026-09-28T22:27:41Z fbdump /tmp/kf_fb_cur.raw: 3104512 bytes (24.734667ms)
2026-09-28T22:27:53Z fbdump /tmp/kf_fb_cur.raw: 3104512 bytes (24.755459ms)
2026-09-28T22:28:03Z fbdump /tmp/kf_fb_cur.raw: 3104512 bytes (25.024792ms)
2026-09-28T22:28:14Z fbdump /tmp/kf_fb_cur.raw: 3104512 bytes (41.085834ms)
2026-09-28T22:28:24Z fbdump /tmp/kf_fb_cur.raw: 3104512 bytes (28.392792ms)
2026-09-28T22:28:35Z fbdump /tmp/kf_fb_cur.raw: 3104512 bytes (25.677333ms)
2026-09-28T22:28:45Z fbdump /tmp/kf_fb_cur.raw: 3104512 bytes (25.636792ms)
2026-09-28T22:28:56Z fbdump /tmp/kf_fb_cur.raw: 3104512 bytes (25.714ms)
2026-09-28T22:29:06Z fbdump /tmp/kf_fb_cur.raw: 3104512 bytes (25.638667ms)
2026-09-28T22:29:17Z fbdump /tmp/kf_fb_cur.raw: 3104512 bytes (25.741959ms)
2026-09-28T22:29:28Z fbdump /tmp/kf_fb_cur.raw: 3104512 bytes (25.65275ms)
2026-09-28T22:29:38Z fbdump /tmp/kf_fb_cur.raw: 3104512 bytes (25.640209ms)
2026-09-28T22:29:49Z fbdump /tmp/kf_fb_cur.raw: 3104512 bytes (26.250792ms)
2026-09-28T22:29:59Z fbdump /tmp/kf_fb_cur.raw: 3104512 bytes (25.69825ms)
2026-09-28T22:30:10Z fbdump /tmp/kf_fb_cur.raw: 3104512 bytes (25.994584ms)
2026-09-28T22:30:20Z fbdump /tmp/kf_fb_cur.raw: 3104512 bytes (25.647209ms)
2026-09-28T22:30:31Z fbdump /tmp/kf_fb_cur.raw: 3104512 bytes (25.741375ms)
2026-09-28T22:30:41Z fbdump /tmp/kf_fb_cur.raw: 3104512 bytes (25.697501ms)
2026-09-28T22:30:52Z fbdump /tmp/kf_fb_cur.raw: 3104512 bytes (25.660167ms)
2026-09-28T22:31:02Z fbdump /tmp/kf_fb_cur.raw: 3104512 bytes (25.706501ms)
2026-09-28T22:31:13Z fbdump /tmp/kf_fb_cur.raw: 3104512 bytes (25.688875ms)
2026-09-28T22:31:23Z fbdump /tmp/kf_fb_cur.raw: 3104512 bytes (25.835875ms)
2026-09-28T22:31:34Z fbdump /tmp/kf_fb_cur.raw: 3104512 bytes (25.615624ms)
2026-09-28T22:31:45Z fbdump /tmp/kf_fb_cur.raw: 3104512 bytes (25.725001ms)
2026-09-28T22:31:55Z fbdump /tmp/kf_fb_cur.raw: 3104512 bytes (25.686084ms)
2026-09-28T22:32:06Z fbdump /tmp/kf_fb_cur.raw: 3104512 bytes (25.708583ms)
2026-09-28T22:32:16Z fbdump /tmp/kf_fb_cur.raw: 3104512 bytes (25.688541ms)
2026-09-28T22:32:27Z fbdump /tmp/kf_fb_cur.raw: 3104512 bytes (25.688084ms)
2026-09-28T22:32:44Z fbdump /tmp/kf_fb_cur.raw: 3104512 bytes (99.183167ms)
2026-09-28T22:32:55Z fbdump /tmp/kf_fb_cur.raw: 3104512 bytes (25.324167ms)
2026-09-28T22:33:05Z fbdump /tmp/kf_fb_cur.raw: 3104512 bytes (25.351333ms)
2026-09-28T22:33:16Z fbdump /tmp/kf_fb_cur.raw: 3104512 bytes (25.351042ms)
2026-09-28T22:33:26Z fbdump /tmp/kf_fb_cur.raw: 3104512 bytes (25.302917ms)
2026-09-28T22:33:37Z fbdump /tmp/kf_fb_cur.raw: 3104512 bytes (25.356417ms)
2026-09-28T22:33:47Z fbdump /tmp/kf_fb_cur.raw: 3104512 bytes (25.295792ms)
2026-09-28T22:33:58Z fbdump /tmp/kf_fb_cur.raw: 3104512 bytes (25.305166ms)
2026-09-28T22:34:08Z fbdump /tmp/kf_fb_cur.raw: 3104512 bytes (25.208125ms)
2026-09-28T22:34:19Z fbdump /tmp/kf_fb_cur.raw: 3104512 bytes (25.325667ms)
2026-09-28T22:34:30Z fbdump /tmp/kf_fb_cur.raw: 3104512 bytes (25.309084ms)
2026-09-28T22:34:40Z fbdump /tmp/kf_fb_cur.raw: 3104512 bytes (25.359042ms)
2026-09-28T22:34:51Z fbdump /tmp/kf_fb_cur.raw: 3104512 bytes (25.314916ms)
2026-09-28T22:35:01Z fbdump /tmp/kf_fb_cur.raw: 3104512 bytes (25.342708ms)
2026-09-28T22:35:12Z fbdump /tmp/kf_fb_cur.raw: 3104512 bytes (25.321417ms)
2026-09-28T22:35:22Z fbdump /tmp/kf_fb_cur.raw: 3104512 bytes (25.342084ms)
2026-09-28T22:35:33Z fbdump /tmp/kf_fb_cur.raw: 3104512 bytes (25.334125ms)
2026-09-28T22:35:43Z fbdump /tmp/kf_fb_cur.raw: 3104512 bytes (25.259958ms)
